Traceback (most recent call last):
  File "/home/rpi/arduino-apps/rpi_camera/camera_remote_web.py", line 10, in <module>
    import cv2
ModuleNotFoundError: No module named 'cv2'
Traceback (most recent call last):
  File "/home/rpi/arduino-apps/rpi_camera/camera_remote_web.py", line 10, in <module>
    import cv2
ModuleNotFoundError: No module named 'cv2'
Traceback (most recent call last):
  File "/home/rpi/arduino-apps/rpi_camera/camera_remote_web.py", line 10, in <module>
    import cv2
ModuleNotFoundError: No module named 'cv2'
Traceback (most recent call last):
  File "/home/rpi/arduino-apps/rpi_camera/camera_remote_web.py", line 10, in <module>
    import cv2
ModuleNotFoundError: No module named 'cv2'
Traceback (most recent call last):
  File "/home/rpi/arduino-apps/rpi_camera/camera_remote_web.py", line 10, in <module>
    import cv2
ModuleNotFoundError: No module named 'cv2'
Traceback (most recent call last):
  File "/home/rpi/arduino-apps/rpi_camera/camera_remote_web.py", line 10, in <module>
    import cv2
ModuleNotFoundError: No module named 'cv2'
Traceback (most recent call last):
  File "/home/rpi/arduino-apps/rpi_camera/camera_remote_web.py", line 10, in <module>
    import cv2
ModuleNotFoundError: No module named 'cv2'
Traceback (most recent call last):
  File "/home/rpi/arduino-apps/rpi_camera/camera_remote_web.py", line 10, in <module>
    import cv2
ModuleNotFoundError: No module named 'cv2'
Traceback (most recent call last):
  File "/home/rpi/arduino-apps/rpi_camera/camera_remote_web.py", line 10, in <module>
    import cv2
ModuleNotFoundError: No module named 'cv2'
Traceback (most recent call last):
  File "/home/rpi/arduino-apps/rpi_camera/camera_remote_web.py", line 10, in <module>
    import cv2
ModuleNotFoundError: No module named 'cv2'
Traceback (most recent call last):
  File "/home/rpi/arduino-apps/rpi_camera/camera_remote_web.py", line 10, in <module>
    import cv2
ModuleNotFoundError: No module named 'cv2'
Traceback (most recent call last):
  File "/home/rpi/arduino-apps/rpi_camera/camera_remote_web.py", line 10, in <module>
    import cv2
ModuleNotFoundError: No module named 'cv2'
Traceback (most recent call last):
  File "/home/rpi/arduino-apps/rpi_camera/camera_remote_web.py", line 10, in <module>
    import cv2
ModuleNotFoundError: No module named 'cv2'
Traceback (most recent call last):
  File "/home/rpi/arduino-apps/rpi_camera/camera_remote_web.py", line 10, in <module>
    import cv2
ModuleNotFoundError: No module named 'cv2'
Traceback (most recent call last):
  File "/home/rpi/arduino-apps/rpi_camera/camera_remote_web.py", line 10, in <module>
    import cv2
ModuleNotFoundError: No module named 'cv2'
Traceback (most recent call last):
  File "/home/rpi/arduino-apps/rpi_camera/camera_remote_web.py", line 10, in <module>
    import cv2
ModuleNotFoundError: No module named 'cv2'
Traceback (most recent call last):
  File "/home/rpi/arduino-apps/rpi_camera/camera_remote_web.py", line 10, in <module>
    import cv2
ModuleNotFoundError: No module named 'cv2'
Traceback (most recent call last):
  File "/home/rpi/arduino-apps/rpi_camera/camera_remote_web.py", line 10, in <module>
    import cv2
ModuleNotFoundError: No module named 'cv2'
Traceback (most recent call last):
  File "/home/rpi/arduino-apps/rpi_camera/camera_remote_web.py", line 10, in <module>
    import cv2
ModuleNotFoundError: No module named 'cv2'
Traceback (most recent call last):
  File "/home/rpi/arduino-apps/rpi_camera/camera_remote_web.py", line 10, in <module>
    import cv2
ModuleNotFoundError: No module named 'cv2'
Traceback (most recent call last):
  File "/home/rpi/arduino-apps/rpi_camera/camera_remote_web.py", line 10, in <module>
    import cv2
ModuleNotFoundError: No module named 'cv2'
Traceback (most recent call last):
  File "/home/rpi/arduino-apps/rpi_camera/camera_remote_web.py", line 10, in <module>
    import cv2
ModuleNotFoundError: No module named 'cv2'
Traceback (most recent call last):
  File "/home/rpi/arduino-apps/rpi_camera/camera_remote_web.py", line 10, in <module>
    import cv2
ModuleNotFoundError: No module named 'cv2'
Traceback (most recent call last):
  File "/home/rpi/arduino-apps/rpi_camera/camera_remote_web.py", line 10, in <module>
    import cv2
ModuleNotFoundError: No module named 'cv2'
Traceback (most recent call last):
  File "/home/rpi/arduino-apps/rpi_camera/camera_remote_web.py", line 10, in <module>
    import cv2
ModuleNotFoundError: No module named 'cv2'
Traceback (most recent call last):
  File "/home/rpi/arduino-apps/rpi_camera/camera_remote_web.py", line 10, in <module>
    import cv2
ModuleNotFoundError: No module named 'cv2'
Traceback (most recent call last):
  File "/home/rpi/arduino-apps/rpi_camera/camera_remote_web.py", line 10, in <module>
    import cv2
ModuleNotFoundError: No module named 'cv2'
Traceback (most recent call last):
  File "/home/rpi/arduino-apps/rpi_camera/camera_remote_web.py", line 10, in <module>
    import cv2
ModuleNotFoundError: No module named 'cv2'
Traceback (most recent call last):
  File "/home/rpi/arduino-apps/rpi_camera/camera_remote_web.py", line 10, in <module>
    import cv2
ModuleNotFoundError: No module named 'cv2'
Traceback (most recent call last):
  File "/home/rpi/arduino-apps/rpi_camera/camera_remote_web.py", line 10, in <module>
    import cv2
ModuleNotFoundError: No module named 'cv2'
Traceback (most recent call last):
  File "/home/rpi/arduino-apps/rpi_camera/camera_remote_web.py", line 10, in <module>
    import cv2
ModuleNotFoundError: No module named 'cv2'
Traceback (most recent call last):
  File "/home/rpi/arduino-apps/rpi_camera/camera_remote_web.py", line 10, in <module>
    import cv2
ModuleNotFoundError: No module named 'cv2'
Traceback (most recent call last):
  File "/home/rpi/arduino-apps/rpi_camera/camera_remote_web.py", line 10, in <module>
    import cv2
ModuleNotFoundError: No module named 'cv2'
Traceback (most recent call last):
  File "/home/rpi/arduino-apps/rpi_camera/camera_remote_web.py", line 10, in <module>
    import cv2
ModuleNotFoundError: No module named 'cv2'
Traceback (most recent call last):
  File "/home/rpi/arduino-apps/rpi_camera/camera_remote_web.py", line 10, in <module>
    import cv2
ModuleNotFoundError: No module named 'cv2'
Traceback (most recent call last):
  File "/home/rpi/arduino-apps/rpi_camera/camera_remote_web.py", line 10, in <module>
    import cv2
ModuleNotFoundError: No module named 'cv2'
Traceback (most recent call last):
  File "/home/rpi/arduino-apps/rpi_camera/camera_remote_web.py", line 10, in <module>
    import cv2
ModuleNotFoundError: No module named 'cv2'
Traceback (most recent call last):
  File "/home/rpi/arduino-apps/rpi_camera/camera_remote_web.py", line 10, in <module>
    import cv2
ModuleNotFoundError: No module named 'cv2'
Traceback (most recent call last):
  File "/home/rpi/arduino-apps/rpi_camera/camera_remote_web.py", line 10, in <module>
    import cv2
ModuleNotFoundError: No module named 'cv2'
Traceback (most recent call last):
  File "/home/rpi/arduino-apps/rpi_camera/camera_remote_web.py", line 10, in <module>
    import cv2
ModuleNotFoundError: No module named 'cv2'
Traceback (most recent call last):
  File "/home/rpi/arduino-apps/rpi_camera/camera_remote_web.py", line 10, in <module>
    import cv2
ModuleNotFoundError: No module named 'cv2'
Traceback (most recent call last):
  File "/home/rpi/arduino-apps/rpi_camera/camera_remote_web.py", line 10, in <module>
    import cv2
ModuleNotFoundError: No module named 'cv2'
Traceback (most recent call last):
  File "/home/rpi/arduino-apps/rpi_camera/camera_remote_web.py", line 10, in <module>
    import cv2
ModuleNotFoundError: No module named 'cv2'
Traceback (most recent call last):
  File "/home/rpi/arduino-apps/rpi_camera/camera_remote_web.py", line 10, in <module>
    import cv2
ModuleNotFoundError: No module named 'cv2'
Traceback (most recent call last):
  File "/home/rpi/arduino-apps/rpi_camera/camera_remote_web.py", line 10, in <module>
    import cv2
ModuleNotFoundError: No module named 'cv2'
[ WARN:0@0.471] global cap.cpp:215 open VIDEOIO(V4L2): backend is generally available but can't be used to capture by name
[Camera] connected to port=/dev/video1
[Web] open: http://0.0.0.0:5000
======== Running on http://0.0.0.0:5000 ========
(Press CTRL+C to quit)
[ WARN:0@0.443] global cap.cpp:215 open VIDEOIO(V4L2): backend is generally available but can't be used to capture by name
Error handling request from 192.168.3.98
Traceback (most recent call last):
  File "/usr/lib/python3.11/asyncio/selector_events.py", line 995, in _read_ready__data_received
    data = self._sock.recv(self.max_size)
           ^^^^^^^^^^^^^^^^^^^^^^^^^^^^^^
ConnectionResetError: [Errno 104] Connection reset by peer

The above exception was the direct cause of the following exception:

Traceback (most recent call last):
  File "/home/rpi/arduino-apps/venv/lib/python3.11/site-packages/aiohttp/web_protocol.py", line 517, in _handle_request
    resp = await request_handler(request)
           ^^^^^^^^^^^^^^^^^^^^^^^^^^^^^^
  File "/home/rpi/arduino-apps/venv/lib/python3.11/site-packages/aiohttp/web_app.py", line 569, in _handle
    return await handler(request)
           ^^^^^^^^^^^^^^^^^^^^^^
  File "/home/rpi/arduino-apps/rpi_camera/camera_remote_web.py", line 1157, in stream
    await response.write(encoded.tobytes())
  File "/home/rpi/arduino-apps/venv/lib/python3.11/site-packages/aiohttp/web_response.py", line 560, in write
    await self._payload_writer.write(data)
  File "/home/rpi/arduino-apps/venv/lib/python3.11/site-packages/aiohttp/http_writer.py", line 208, in write
    await self.drain()
  File "/home/rpi/arduino-apps/venv/lib/python3.11/site-packages/aiohttp/http_writer.py", line 351, in drain
    await protocol._drain_helper()
  File "/home/rpi/arduino-apps/venv/lib/python3.11/site-packages/aiohttp/base_protocol.py", line 100, in _drain_helper
    await asyncio.shield(waiter)
ConnectionError: Connection lost
Error handling request from 192.168.3.98
Traceback (most recent call last):
  File "/usr/lib/python3.11/asyncio/selector_events.py", line 995, in _read_ready__data_received
    data = self._sock.recv(self.max_size)
           ^^^^^^^^^^^^^^^^^^^^^^^^^^^^^^
ConnectionResetError: [Errno 104] Connection reset by peer

The above exception was the direct cause of the following exception:

Traceback (most recent call last):
  File "/home/rpi/arduino-apps/venv/lib/python3.11/site-packages/aiohttp/web_protocol.py", line 517, in _handle_request
    resp = await request_handler(request)
           ^^^^^^^^^^^^^^^^^^^^^^^^^^^^^^
  File "/home/rpi/arduino-apps/venv/lib/python3.11/site-packages/aiohttp/web_app.py", line 569, in _handle
    return await handler(request)
           ^^^^^^^^^^^^^^^^^^^^^^
  File "/home/rpi/arduino-apps/rpi_camera/camera_remote_web.py", line 1157, in stream
    await response.write(encoded.tobytes())
  File "/home/rpi/arduino-apps/venv/lib/python3.11/site-packages/aiohttp/web_response.py", line 560, in write
    await self._payload_writer.write(data)
  File "/home/rpi/arduino-apps/venv/lib/python3.11/site-packages/aiohttp/http_writer.py", line 208, in write
    await self.drain()
  File "/home/rpi/arduino-apps/venv/lib/python3.11/site-packages/aiohttp/http_writer.py", line 351, in drain
    await protocol._drain_helper()
  File "/home/rpi/arduino-apps/venv/lib/python3.11/site-packages/aiohttp/base_protocol.py", line 100, in _drain_helper
    await asyncio.shield(waiter)
ConnectionError: Connection lost
Error handling request from 192.168.3.98
Traceback (most recent call last):
  File "/usr/lib/python3.11/asyncio/selector_events.py", line 1082, in _write_ready
    n = self._sock.send(self._buffer)
        ^^^^^^^^^^^^^^^^^^^^^^^^^^^^^
BrokenPipeError: [Errno 32] Broken pipe

The above exception was the direct cause of the following exception:

Traceback (most recent call last):
  File "/home/rpi/arduino-apps/venv/lib/python3.11/site-packages/aiohttp/web_protocol.py", line 517, in _handle_request
    resp = await request_handler(request)
           ^^^^^^^^^^^^^^^^^^^^^^^^^^^^^^
  File "/home/rpi/arduino-apps/venv/lib/python3.11/site-packages/aiohttp/web_app.py", line 569, in _handle
    return await handler(request)
           ^^^^^^^^^^^^^^^^^^^^^^
  File "/home/rpi/arduino-apps/rpi_camera/camera_remote_web.py", line 1284, in stream
    await response.write(encoded.tobytes())
  File "/home/rpi/arduino-apps/venv/lib/python3.11/site-packages/aiohttp/web_response.py", line 560, in write
    await self._payload_writer.write(data)
  File "/home/rpi/arduino-apps/venv/lib/python3.11/site-packages/aiohttp/http_writer.py", line 208, in write
    await self.drain()
  File "/home/rpi/arduino-apps/venv/lib/python3.11/site-packages/aiohttp/http_writer.py", line 351, in drain
    await protocol._drain_helper()
  File "/home/rpi/arduino-apps/venv/lib/python3.11/site-packages/aiohttp/base_protocol.py", line 100, in _drain_helper
    await asyncio.shield(waiter)
ConnectionError: Connection lost
Error handling request from 192.168.3.98
Traceback (most recent call last):
  File "/usr/lib/python3.11/asyncio/selector_events.py", line 1082, in _write_ready
    n = self._sock.send(self._buffer)
        ^^^^^^^^^^^^^^^^^^^^^^^^^^^^^
BrokenPipeError: [Errno 32] Broken pipe

The above exception was the direct cause of the following exception:

Traceback (most recent call last):
  File "/home/rpi/arduino-apps/venv/lib/python3.11/site-packages/aiohttp/web_protocol.py", line 517, in _handle_request
    resp = await request_handler(request)
           ^^^^^^^^^^^^^^^^^^^^^^^^^^^^^^
  File "/home/rpi/arduino-apps/venv/lib/python3.11/site-packages/aiohttp/web_app.py", line 569, in _handle
    return await handler(request)
           ^^^^^^^^^^^^^^^^^^^^^^
  File "/home/rpi/arduino-apps/rpi_camera/camera_remote_web.py", line 1284, in stream
    await response.write(encoded.tobytes())
  File "/home/rpi/arduino-apps/venv/lib/python3.11/site-packages/aiohttp/web_response.py", line 560, in write
    await self._payload_writer.write(data)
  File "/home/rpi/arduino-apps/venv/lib/python3.11/site-packages/aiohttp/http_writer.py", line 208, in write
    await self.drain()
  File "/home/rpi/arduino-apps/venv/lib/python3.11/site-packages/aiohttp/http_writer.py", line 351, in drain
    await protocol._drain_helper()
  File "/home/rpi/arduino-apps/venv/lib/python3.11/site-packages/aiohttp/base_protocol.py", line 100, in _drain_helper
    await asyncio.shield(waiter)
ConnectionError: Connection lost
Error handling request from 192.168.3.98
Traceback (most recent call last):
  File "/usr/lib/python3.11/asyncio/selector_events.py", line 1082, in _write_ready
    n = self._sock.send(self._buffer)
        ^^^^^^^^^^^^^^^^^^^^^^^^^^^^^
BrokenPipeError: [Errno 32] Broken pipe

The above exception was the direct cause of the following exception:

Traceback (most recent call last):
  File "/home/rpi/arduino-apps/venv/lib/python3.11/site-packages/aiohttp/web_protocol.py", line 517, in _handle_request
    resp = await request_handler(request)
           ^^^^^^^^^^^^^^^^^^^^^^^^^^^^^^
  File "/home/rpi/arduino-apps/venv/lib/python3.11/site-packages/aiohttp/web_app.py", line 569, in _handle
    return await handler(request)
           ^^^^^^^^^^^^^^^^^^^^^^
  File "/home/rpi/arduino-apps/rpi_camera/camera_remote_web.py", line 1284, in stream
    await response.write(encoded.tobytes())
  File "/home/rpi/arduino-apps/venv/lib/python3.11/site-packages/aiohttp/web_response.py", line 560, in write
    await self._payload_writer.write(data)
  File "/home/rpi/arduino-apps/venv/lib/python3.11/site-packages/aiohttp/http_writer.py", line 208, in write
    await self.drain()
  File "/home/rpi/arduino-apps/venv/lib/python3.11/site-packages/aiohttp/http_writer.py", line 351, in drain
    await protocol._drain_helper()
  File "/home/rpi/arduino-apps/venv/lib/python3.11/site-packages/aiohttp/base_protocol.py", line 100, in _drain_helper
    await asyncio.shield(waiter)
ConnectionError: Connection lost
Error handling request from 192.168.3.98
Traceback (most recent call last):
  File "/usr/lib/python3.11/asyncio/selector_events.py", line 995, in _read_ready__data_received
    data = self._sock.recv(self.max_size)
           ^^^^^^^^^^^^^^^^^^^^^^^^^^^^^^
ConnectionResetError: [Errno 104] Connection reset by peer

The above exception was the direct cause of the following exception:

Traceback (most recent call last):
  File "/home/rpi/arduino-apps/venv/lib/python3.11/site-packages/aiohttp/web_protocol.py", line 517, in _handle_request
    resp = await request_handler(request)
           ^^^^^^^^^^^^^^^^^^^^^^^^^^^^^^
  File "/home/rpi/arduino-apps/venv/lib/python3.11/site-packages/aiohttp/web_app.py", line 569, in _handle
    return await handler(request)
           ^^^^^^^^^^^^^^^^^^^^^^
  File "/home/rpi/arduino-apps/rpi_camera/camera_remote_web.py", line 1284, in stream
    await response.write(encoded.tobytes())
  File "/home/rpi/arduino-apps/venv/lib/python3.11/site-packages/aiohttp/web_response.py", line 560, in write
    await self._payload_writer.write(data)
  File "/home/rpi/arduino-apps/venv/lib/python3.11/site-packages/aiohttp/http_writer.py", line 208, in write
    await self.drain()
  File "/home/rpi/arduino-apps/venv/lib/python3.11/site-packages/aiohttp/http_writer.py", line 351, in drain
    await protocol._drain_helper()
  File "/home/rpi/arduino-apps/venv/lib/python3.11/site-packages/aiohttp/base_protocol.py", line 100, in _drain_helper
    await asyncio.shield(waiter)
ConnectionError: Connection lost
Error handling request from 192.168.3.98
Traceback (most recent call last):
  File "/usr/lib/python3.11/asyncio/selector_events.py", line 995, in _read_ready__data_received
    data = self._sock.recv(self.max_size)
           ^^^^^^^^^^^^^^^^^^^^^^^^^^^^^^
ConnectionResetError: [Errno 104] Connection reset by peer

The above exception was the direct cause of the following exception:

Traceback (most recent call last):
  File "/home/rpi/arduino-apps/venv/lib/python3.11/site-packages/aiohttp/web_protocol.py", line 517, in _handle_request
    resp = await request_handler(request)
           ^^^^^^^^^^^^^^^^^^^^^^^^^^^^^^
  File "/home/rpi/arduino-apps/venv/lib/python3.11/site-packages/aiohttp/web_app.py", line 569, in _handle
    return await handler(request)
           ^^^^^^^^^^^^^^^^^^^^^^
  File "/home/rpi/arduino-apps/rpi_camera/camera_remote_web.py", line 1284, in stream
    await response.write(encoded.tobytes())
  File "/home/rpi/arduino-apps/venv/lib/python3.11/site-packages/aiohttp/web_response.py", line 560, in write
    await self._payload_writer.write(data)
  File "/home/rpi/arduino-apps/venv/lib/python3.11/site-packages/aiohttp/http_writer.py", line 208, in write
    await self.drain()
  File "/home/rpi/arduino-apps/venv/lib/python3.11/site-packages/aiohttp/http_writer.py", line 351, in drain
    await protocol._drain_helper()
  File "/home/rpi/arduino-apps/venv/lib/python3.11/site-packages/aiohttp/base_protocol.py", line 100, in _drain_helper
    await asyncio.shield(waiter)
ConnectionError: Connection lost
Error handling request from 192.168.3.86
Traceback (most recent call last):
  File "/usr/lib/python3.11/asyncio/selector_events.py", line 1082, in _write_ready
    n = self._sock.send(self._buffer)
        ^^^^^^^^^^^^^^^^^^^^^^^^^^^^^
BrokenPipeError: [Errno 32] Broken pipe

The above exception was the direct cause of the following exception:

Traceback (most recent call last):
  File "/home/rpi/arduino-apps/venv/lib/python3.11/site-packages/aiohttp/web_protocol.py", line 517, in _handle_request
    resp = await request_handler(request)
           ^^^^^^^^^^^^^^^^^^^^^^^^^^^^^^
  File "/home/rpi/arduino-apps/venv/lib/python3.11/site-packages/aiohttp/web_app.py", line 569, in _handle
    return await handler(request)
           ^^^^^^^^^^^^^^^^^^^^^^
  File "/home/rpi/arduino-apps/rpi_camera/camera_remote_web.py", line 1284, in stream
    await response.write(encoded.tobytes())
  File "/home/rpi/arduino-apps/venv/lib/python3.11/site-packages/aiohttp/web_response.py", line 560, in write
    await self._payload_writer.write(data)
  File "/home/rpi/arduino-apps/venv/lib/python3.11/site-packages/aiohttp/http_writer.py", line 208, in write
    await self.drain()
  File "/home/rpi/arduino-apps/venv/lib/python3.11/site-packages/aiohttp/http_writer.py", line 351, in drain
    await protocol._drain_helper()
  File "/home/rpi/arduino-apps/venv/lib/python3.11/site-packages/aiohttp/base_protocol.py", line 100, in _drain_helper
    await asyncio.shield(waiter)
ConnectionError: Connection lost
Exception in thread Thread-1 (_capture_loop):
Traceback (most recent call last):
  File "/usr/lib/python3.11/threading.py", line 1038, in _bootstrap_inner
    self.run()
  File "/usr/lib/python3.11/threading.py", line 975, in run
    self._target(*self._args, **self._kwargs)
  File "/home/rpi/arduino-apps/rpi_camera/camera_remote_web.py", line 1001, in _capture_loop
    draw = self._overlay(frame)
           ^^^^^^^^^^^^^^^^^^^^
  File "/home/rpi/arduino-apps/rpi_camera/camera_remote_web.py", line 923, in _overlay
    tl_count = len(self.timelapse_frames)
                   ^^^^^^^^^^^^^^^^^^^^^
AttributeError: 'CameraRemoteServer' object has no attribute 'timelapse_frames'. Did you mean: 'timelapse_writer'?
Error handling request from 192.168.3.86
Traceback (most recent call last):
  File "/usr/lib/python3.11/asyncio/selector_events.py", line 1082, in _write_ready
    n = self._sock.send(self._buffer)
        ^^^^^^^^^^^^^^^^^^^^^^^^^^^^^
BrokenPipeError: [Errno 32] Broken pipe

The above exception was the direct cause of the following exception:

Traceback (most recent call last):
  File "/home/rpi/arduino-apps/venv/lib/python3.11/site-packages/aiohttp/web_protocol.py", line 517, in _handle_request
    resp = await request_handler(request)
           ^^^^^^^^^^^^^^^^^^^^^^^^^^^^^^
  File "/home/rpi/arduino-apps/venv/lib/python3.11/site-packages/aiohttp/web_app.py", line 569, in _handle
    return await handler(request)
           ^^^^^^^^^^^^^^^^^^^^^^
  File "/home/rpi/arduino-apps/rpi_camera/camera_remote_web.py", line 1322, in stream
    await response.write(encoded.tobytes())
  File "/home/rpi/arduino-apps/venv/lib/python3.11/site-packages/aiohttp/web_response.py", line 560, in write
    await self._payload_writer.write(data)
  File "/home/rpi/arduino-apps/venv/lib/python3.11/site-packages/aiohttp/http_writer.py", line 208, in write
    await self.drain()
  File "/home/rpi/arduino-apps/venv/lib/python3.11/site-packages/aiohttp/http_writer.py", line 351, in drain
    await protocol._drain_helper()
  File "/home/rpi/arduino-apps/venv/lib/python3.11/site-packages/aiohttp/base_protocol.py", line 100, in _drain_helper
    await asyncio.shield(waiter)
ConnectionError: Connection lost
Error handling request from 192.168.3.86
Traceback (most recent call last):
  File "/usr/lib/python3.11/asyncio/selector_events.py", line 1082, in _write_ready
    n = self._sock.send(self._buffer)
        ^^^^^^^^^^^^^^^^^^^^^^^^^^^^^
BrokenPipeError: [Errno 32] Broken pipe

The above exception was the direct cause of the following exception:

Traceback (most recent call last):
  File "/home/rpi/arduino-apps/venv/lib/python3.11/site-packages/aiohttp/web_protocol.py", line 517, in _handle_request
    resp = await request_handler(request)
           ^^^^^^^^^^^^^^^^^^^^^^^^^^^^^^
  File "/home/rpi/arduino-apps/venv/lib/python3.11/site-packages/aiohttp/web_app.py", line 569, in _handle
    return await handler(request)
           ^^^^^^^^^^^^^^^^^^^^^^
  File "/home/rpi/arduino-apps/rpi_camera/camera_remote_web.py", line 1322, in stream
    await response.write(encoded.tobytes())
  File "/home/rpi/arduino-apps/venv/lib/python3.11/site-packages/aiohttp/web_response.py", line 560, in write
    await self._payload_writer.write(data)
  File "/home/rpi/arduino-apps/venv/lib/python3.11/site-packages/aiohttp/http_writer.py", line 208, in write
    await self.drain()
  File "/home/rpi/arduino-apps/venv/lib/python3.11/site-packages/aiohttp/http_writer.py", line 351, in drain
    await protocol._drain_helper()
  File "/home/rpi/arduino-apps/venv/lib/python3.11/site-packages/aiohttp/base_protocol.py", line 100, in _drain_helper
    await asyncio.shield(waiter)
ConnectionError: Connection lost
[Camera] trying format=MJPG target=1024x768@30.0, actual=1024x768@30.0 fmt=MJPG auto_exposure=3.0 exposure=78.0
[Camera] successful capture mode: MJPG
[Camera] measured capture fps=19.8
[Camera] connected to port=/dev/video0
[Web] open: http://0.0.0.0:5000
======== Running on http://0.0.0.0:5000 ========
(Press CTRL+C to quit)
[Camera] trying format=MJPG target=1024x768@30.0, actual=1024x768@30.0 fmt=MJPG auto_exposure=3.0 exposure=78.0
[Camera] successful capture mode: MJPG
[Camera] measured capture fps=12.4
[Camera] trying format=MJPG target=1024x768@30.0, actual=1024x768@30.0 fmt=MJPG auto_exposure=3.0 exposure=78.0
[Camera] successful capture mode: MJPG
[Camera] measured capture fps=12.5
