Starting iocInit
cas WARNING: Configured TCP port was unavailable.
cas WARNING: Using dynamically assigned TCP port 41689,
cas WARNING: but now two or more servers share the same UDP port.
cas WARNING: Depending on your IP kernel this server may not be
cas WARNING: reachable with UDP unicast (a host's IP in EPICS_CA_ADDR_LIST)
iocRun: All initialization complete
rotaryStartSerialReader: started serial reader thread prefix=RE:ch0: port=/dev/ttyACM0 baud=115200
rotarySerial: thread started prefix=RE:ch0: port=/dev/ttyACM0 baud=115200
rotarySerial: serial open/configured (/dev/ttyACM0)
[34;1m#!../../bin/linux-aarch64/RotaryEncoder[0m
[1m< envPaths[0m
[1mepicsEnvSet("IOC","iocRotaryEncoder")[0m
[1mepicsEnvSet("TOP","/home/rpi/arduino-apps/ioc_rotary_encoder")[0m
[1mepicsEnvSet("EPICS_BASE","/home/rpi/epics-base")[0m
[1mepicsEnvSet("ENGINEER", "rpi")[0m
[1mepicsEnvSet("IOC", "iocRotaryEncoder")[0m
[1mepicsEnvSet("P", "RE:")[0m
[1mepicsEnvSet("R", "ch0:")[0m
[1mepicsEnvSet("SERIAL_PORT", "/dev/ttyACM0")[0m
[1mepicsEnvSet("SERIAL_BAUD", "115200")[0m
[1mcd "/home/rpi/arduino-apps/ioc_rotary_encoder"[0m
[1mdbLoadDatabase "dbd/RotaryEncoder.dbd"[0m
[1mRotaryEncoder_registerRecordDeviceDriver pdbbase[0m
[1mdbLoadRecords "db/RotaryEncoder.db", "P=RE:,R=ch0:"[0m
[1mcd "/home/rpi/arduino-apps/ioc_rotary_encoder/iocBoot/iocRotaryEncoder"[0m
[1miocInit[0m
############################################################################
## EPICS R7.0.9.1-DEV
## Rev. R7.0.9-191-g2e26ec09a6304c9a58e1
## Rev. Date Git: 2025-09-03 07:36:36 -0700
############################################################################
[1mrotaryStartSerialReader("RE:ch0:", "/dev/ttyACM0", "115200")[0m
[32;1mepics> [0mStarting iocInit
cas WARNING: Configured TCP port was unavailable.
cas WARNING: Using dynamically assigned TCP port 38217,
cas WARNING: but now two or more servers share the same UDP port.
cas WARNING: Depending on your IP kernel this server may not be
cas WARNING: reachable with UDP unicast (a host's IP in EPICS_CA_ADDR_LIST)
iocRun: All initialization complete
rotaryStartSerialReader: started serial reader thread prefix=RE:ch0: port=/dev/ttyACM0 baud=115200
rotarySerial: thread started prefix=RE:ch0: port=/dev/ttyACM0 baud=115200
rotarySerial: serial open/configured (/dev/ttyACM0)
[34;1m#!../../bin/linux-aarch64/RotaryEncoder[0m
[1m< envPaths[0m
[1mepicsEnvSet("IOC","iocRotaryEncoder")[0m
[1mepicsEnvSet("TOP","/home/rpi/arduino-apps/ioc_rotary_encoder")[0m
[1mepicsEnvSet("EPICS_BASE","/home/rpi/epics-base")[0m
[1mepicsEnvSet("ENGINEER", "rpi")[0m
[1mepicsEnvSet("IOC", "iocRotaryEncoder")[0m
[1mepicsEnvSet("P", "RE:")[0m
[1mepicsEnvSet("R", "ch0:")[0m
[1mepicsEnvSet("SERIAL_PORT", "/dev/ttyACM0")[0m
[1mepicsEnvSet("SERIAL_BAUD", "115200")[0m
[1mcd "/home/rpi/arduino-apps/ioc_rotary_encoder"[0m
[1mdbLoadDatabase "dbd/RotaryEncoder.dbd"[0m
[1mRotaryEncoder_registerRecordDeviceDriver pdbbase[0m
[1mdbLoadRecords "db/RotaryEncoder.db", "P=RE:,R=ch0:"[0m
[1mcd "/home/rpi/arduino-apps/ioc_rotary_encoder/iocBoot/iocRotaryEncoder"[0m
[1miocInit[0m
############################################################################
## EPICS R7.0.9.1-DEV
## Rev. R7.0.9-191-g2e26ec09a6304c9a58e1
## Rev. Date Git: 2025-09-03 07:36:36 -0700
############################################################################
[1mrotaryStartSerialReader("RE:ch0:", "/dev/ttyACM0", "115200")[0m
[32;1mepics> [0mStarting iocInit
cas WARNING: Configured TCP port was unavailable.
cas WARNING: Using dynamically assigned TCP port 41419,
cas WARNING: but now two or more servers share the same UDP port.
cas WARNING: Depending on your IP kernel this server may not be
cas WARNING: reachable with UDP unicast (a host's IP in EPICS_CA_ADDR_LIST)
iocRun: All initialization complete
rotaryStartSerialReader: started serial reader thread prefix=RE:ch0: port=/dev/ttyACM0 baud=115200
rotarySerial: thread started prefix=RE:ch0: port=/dev/ttyACM0 baud=115200
rotarySerial: serial open/configured (/dev/ttyACM0)
[34;1m#!../../bin/linux-aarch64/RotaryEncoder[0m
[1m< envPaths[0m
[1mepicsEnvSet("IOC","iocRotaryEncoder")[0m
[1mepicsEnvSet("TOP","/home/rpi/arduino-apps/ioc_rotary_encoder")[0m
[1mepicsEnvSet("EPICS_BASE","/home/rpi/epics-base")[0m
[1mepicsEnvSet("ENGINEER", "rpi")[0m
[1mepicsEnvSet("IOC", "iocRotaryEncoder")[0m
[1mepicsEnvSet("P", "RE:")[0m
[1mepicsEnvSet("R", "ch0:")[0m
[1mepicsEnvSet("SERIAL_PORT", "/dev/ttyACM0")[0m
[1mepicsEnvSet("SERIAL_BAUD", "115200")[0m
[1mcd "/home/rpi/arduino-apps/ioc_rotary_encoder"[0m
[1mdbLoadDatabase "dbd/RotaryEncoder.dbd"[0m
[1mRotaryEncoder_registerRecordDeviceDriver pdbbase[0m
[1mdbLoadRecords "db/RotaryEncoder.db", "P=RE:,R=ch0:"[0m
[1mcd "/home/rpi/arduino-apps/ioc_rotary_encoder/iocBoot/iocRotaryEncoder"[0m
[1miocInit[0m
############################################################################
## EPICS R7.0.9.1-DEV
## Rev. R7.0.9-191-g2e26ec09a6304c9a58e1
## Rev. Date Git: 2025-09-03 07:36:36 -0700
############################################################################
[1mrotaryStartSerialReader("RE:ch0:", "/dev/ttyACM0", "115200")[0m
[32;1mepics> [0mStarting iocInit
cas WARNING: Configured TCP port was unavailable.
cas WARNING: Using dynamically assigned TCP port 33193,
cas WARNING: but now two or more servers share the same UDP port.
cas WARNING: Depending on your IP kernel this server may not be
cas WARNING: reachable with UDP unicast (a host's IP in EPICS_CA_ADDR_LIST)
iocRun: All initialization complete
rotaryStartSerialReader: started serial reader thread prefix=RE:ch0: port=/dev/ttyACM0 baud=115200
rotarySerial: thread started prefix=RE:ch0: port=/dev/ttyACM0 baud=115200
rotarySerial: serial open/configured (/dev/ttyACM0)
[34;1m#!../../bin/linux-aarch64/RotaryEncoder[0m
[1m< envPaths[0m
[1mepicsEnvSet("IOC","iocRotaryEncoder")[0m
[1mepicsEnvSet("TOP","/home/rpi/arduino-apps/ioc_rotary_encoder")[0m
[1mepicsEnvSet("EPICS_BASE","/home/rpi/epics-base")[0m
[1mepicsEnvSet("ENGINEER", "rpi")[0m
[1mepicsEnvSet("IOC", "iocRotaryEncoder")[0m
[1mepicsEnvSet("P", "RE:")[0m
[1mepicsEnvSet("R", "ch0:")[0m
[1mepicsEnvSet("SERIAL_PORT", "/dev/ttyACM0")[0m
[1mepicsEnvSet("SERIAL_BAUD", "115200")[0m
[1mcd "/home/rpi/arduino-apps/ioc_rotary_encoder"[0m
[1mdbLoadDatabase "dbd/RotaryEncoder.dbd"[0m
[1mRotaryEncoder_registerRecordDeviceDriver pdbbase[0m
[1mdbLoadRecords "db/RotaryEncoder.db", "P=RE:,R=ch0:"[0m
[1mcd "/home/rpi/arduino-apps/ioc_rotary_encoder/iocBoot/iocRotaryEncoder"[0m
[1miocInit[0m
############################################################################
## EPICS R7.0.9.1-DEV
## Rev. R7.0.9-191-g2e26ec09a6304c9a58e1
## Rev. Date Git: 2025-09-03 07:36:36 -0700
############################################################################
[1mrotaryStartSerialReader("RE:ch0:", "/dev/ttyACM0", "115200")[0m
[32;1mepics> [0mStarting iocInit
cas WARNING: Configured TCP port was unavailable.
cas WARNING: Using dynamically assigned TCP port 38147,
cas WARNING: but now two or more servers share the same UDP port.
cas WARNING: Depending on your IP kernel this server may not be
cas WARNING: reachable with UDP unicast (a host's IP in EPICS_CA_ADDR_LIST)
iocRun: All initialization complete
rotaryStartSerialReader: started serial reader thread prefix=RE:ch0: port=/dev/ttyACM0 baud=115200
rotarySerial: thread started prefix=RE:ch0: port=/dev/ttyACM0 baud=115200
rotarySerial: serial open/configured (/dev/ttyACM0)
[34;1m#!../../bin/linux-aarch64/RotaryEncoder[0m
[1m< envPaths[0m
[1mepicsEnvSet("IOC","iocRotaryEncoder")[0m
[1mepicsEnvSet("TOP","/home/rpi/arduino-apps/ioc_rotary_encoder")[0m
[1mepicsEnvSet("EPICS_BASE","/home/rpi/epics-base")[0m
[1mepicsEnvSet("ENGINEER", "rpi")[0m
[1mepicsEnvSet("IOC", "iocRotaryEncoder")[0m
[1mepicsEnvSet("P", "RE:")[0m
[1mepicsEnvSet("R", "ch0:")[0m
[1mepicsEnvSet("SERIAL_PORT", "/dev/ttyACM0")[0m
[1mepicsEnvSet("SERIAL_BAUD", "115200")[0m
[1mcd "/home/rpi/arduino-apps/ioc_rotary_encoder"[0m
[1mdbLoadDatabase "dbd/RotaryEncoder.dbd"[0m
[1mRotaryEncoder_registerRecordDeviceDriver pdbbase[0m
[1mdbLoadRecords "db/RotaryEncoder.db", "P=RE:,R=ch0:"[0m
[1mcd "/home/rpi/arduino-apps/ioc_rotary_encoder/iocBoot/iocRotaryEncoder"[0m
[1miocInit[0m
############################################################################
## EPICS R7.0.9.1-DEV
## Rev. R7.0.9-191-g2e26ec09a6304c9a58e1
## Rev. Date Git: 2025-09-03 07:36:36 -0700
############################################################################
[1mrotaryStartSerialReader("RE:ch0:", "/dev/ttyACM0", "115200")[0m
[32;1mepics> [0mStarting iocInit
cas WARNING: Configured TCP port was unavailable.
cas WARNING: Using dynamically assigned TCP port 35625,
cas WARNING: but now two or more servers share the same UDP port.
cas WARNING: Depending on your IP kernel this server may not be
cas WARNING: reachable with UDP unicast (a host's IP in EPICS_CA_ADDR_LIST)
iocRun: All initialization complete
rotaryStartSerialReader: started serial reader thread prefix=RE:ch0: port=/dev/ttyACM0 baud=115200
rotarySerial: thread started prefix=RE:ch0: port=/dev/ttyACM0 baud=115200
rotarySerial: serial open/configured (/dev/ttyACM0)
[34;1m#!../../bin/linux-aarch64/RotaryEncoder[0m
[1m< envPaths[0m
[1mepicsEnvSet("IOC","iocRotaryEncoder")[0m
[1mepicsEnvSet("TOP","/home/rpi/arduino-apps/ioc_rotary_encoder")[0m
[1mepicsEnvSet("EPICS_BASE","/home/rpi/epics-base")[0m
[1mepicsEnvSet("ENGINEER", "rpi")[0m
[1mepicsEnvSet("IOC", "iocRotaryEncoder")[0m
[1mepicsEnvSet("P", "RE:")[0m
[1mepicsEnvSet("R", "ch0:")[0m
[1mepicsEnvSet("SERIAL_PORT", "/dev/ttyACM0")[0m
[1mepicsEnvSet("SERIAL_BAUD", "115200")[0m
[1mcd "/home/rpi/arduino-apps/ioc_rotary_encoder"[0m
[1mdbLoadDatabase "dbd/RotaryEncoder.dbd"[0m
[1mRotaryEncoder_registerRecordDeviceDriver pdbbase[0m
[1mdbLoadRecords "db/RotaryEncoder.db", "P=RE:,R=ch0:"[0m
[1mcd "/home/rpi/arduino-apps/ioc_rotary_encoder/iocBoot/iocRotaryEncoder"[0m
[1miocInit[0m
############################################################################
## EPICS R7.0.9.1-DEV
## Rev. R7.0.9-191-g2e26ec09a6304c9a58e1
## Rev. Date Git: 2025-09-03 07:36:36 -0700
############################################################################
[1mrotaryStartSerialReader("RE:ch0:", "/dev/ttyACM0", "115200")[0m
[32;1mepics> [0mStarting iocInit
cas WARNING: Configured TCP port was unavailable.
cas WARNING: Using dynamically assigned TCP port 45479,
cas WARNING: but now two or more servers share the same UDP port.
cas WARNING: Depending on your IP kernel this server may not be
cas WARNING: reachable with UDP unicast (a host's IP in EPICS_CA_ADDR_LIST)
iocRun: All initialization complete
rotaryStartSerialReader: started serial reader thread prefix=RE:ch0: port=/dev/ttyACM0 baud=115200
rotarySerial: thread started prefix=RE:ch0: port=/dev/ttyACM0 baud=115200
rotarySerial: serial open/configured (/dev/ttyACM0)
[34;1m#!../../bin/linux-aarch64/RotaryEncoder[0m
[1m< envPaths[0m
[1mepicsEnvSet("IOC","iocRotaryEncoder")[0m
[1mepicsEnvSet("TOP","/home/rpi/arduino-apps/ioc_rotary_encoder")[0m
[1mepicsEnvSet("EPICS_BASE","/home/rpi/epics-base")[0m
[1mepicsEnvSet("ENGINEER", "rpi")[0m
[1mepicsEnvSet("IOC", "iocRotaryEncoder")[0m
[1mepicsEnvSet("P", "RE:")[0m
[1mepicsEnvSet("R", "ch0:")[0m
[1mepicsEnvSet("SERIAL_PORT", "/dev/ttyACM0")[0m
[1mepicsEnvSet("SERIAL_BAUD", "115200")[0m
[1mcd "/home/rpi/arduino-apps/ioc_rotary_encoder"[0m
[1mdbLoadDatabase "dbd/RotaryEncoder.dbd"[0m
[1mRotaryEncoder_registerRecordDeviceDriver pdbbase[0m
[1mdbLoadRecords "db/RotaryEncoder.db", "P=RE:,R=ch0:"[0m
[1mcd "/home/rpi/arduino-apps/ioc_rotary_encoder/iocBoot/iocRotaryEncoder"[0m
[1miocInit[0m
############################################################################
## EPICS R7.0.9.1-DEV
## Rev. R7.0.9-191-g2e26ec09a6304c9a58e1
## Rev. Date Git: 2025-09-03 07:36:36 -0700
############################################################################
[1mrotaryStartSerialReader("RE:ch0:", "/dev/ttyACM0", "115200")[0m
[32;1mepics> [0mStarting iocInit
cas WARNING: Configured TCP port was unavailable.
cas WARNING: Using dynamically assigned TCP port 43215,
cas WARNING: but now two or more servers share the same UDP port.
cas WARNING: Depending on your IP kernel this server may not be
cas WARNING: reachable with UDP unicast (a host's IP in EPICS_CA_ADDR_LIST)
iocRun: All initialization complete
rotaryStartSerialReader: started serial reader thread prefix=RE:ch0: port=/dev/ttyACM0 baud=115200
rotarySerial: thread started prefix=RE:ch0: port=/dev/ttyACM0 baud=115200
rotarySerial: serial open/configured (/dev/ttyACM0)
[34;1m#!../../bin/linux-aarch64/RotaryEncoder[0m
[1m< envPaths[0m
[1mepicsEnvSet("IOC","iocRotaryEncoder")[0m
[1mepicsEnvSet("TOP","/home/rpi/arduino-apps/ioc_rotary_encoder")[0m
[1mepicsEnvSet("EPICS_BASE","/home/rpi/epics-base")[0m
[1mepicsEnvSet("ENGINEER", "rpi")[0m
[1mepicsEnvSet("IOC", "iocRotaryEncoder")[0m
[1mepicsEnvSet("P", "RE:")[0m
[1mepicsEnvSet("R", "ch0:")[0m
[1mepicsEnvSet("SERIAL_PORT", "/dev/ttyACM0")[0m
[1mepicsEnvSet("SERIAL_BAUD", "115200")[0m
[1mcd "/home/rpi/arduino-apps/ioc_rotary_encoder"[0m
[1mdbLoadDatabase "dbd/RotaryEncoder.dbd"[0m
[1mRotaryEncoder_registerRecordDeviceDriver pdbbase[0m
[1mdbLoadRecords "db/RotaryEncoder.db", "P=RE:,R=ch0:"[0m
[1mcd "/home/rpi/arduino-apps/ioc_rotary_encoder/iocBoot/iocRotaryEncoder"[0m
[1miocInit[0m
############################################################################
## EPICS R7.0.9.1-DEV
## Rev. R7.0.9-191-g2e26ec09a6304c9a58e1
## Rev. Date Git: 2025-09-03 07:36:36 -0700
############################################################################
[1mrotaryStartSerialReader("RE:ch0:", "/dev/ttyACM0", "115200")[0m
[32;1mepics> [0mStarting iocInit
cas WARNING: Configured TCP port was unavailable.
cas WARNING: Using dynamically assigned TCP port 40749,
cas WARNING: but now two or more servers share the same UDP port.
cas WARNING: Depending on your IP kernel this server may not be
cas WARNING: reachable with UDP unicast (a host's IP in EPICS_CA_ADDR_LIST)
iocRun: All initialization complete
rotaryStartSerialReader: started serial reader thread prefix=RE:ch0: port=/dev/ttyACM0 baud=115200
rotarySerial: thread started prefix=RE:ch0: port=/dev/ttyACM0 baud=115200
rotarySerial: serial open/configured (/dev/ttyACM0)
[34;1m#!../../bin/linux-aarch64/RotaryEncoder[0m
[1m< envPaths[0m
[1mepicsEnvSet("IOC","iocRotaryEncoder")[0m
[1mepicsEnvSet("TOP","/home/rpi/arduino-apps/ioc_rotary_encoder")[0m
[1mepicsEnvSet("EPICS_BASE","/home/rpi/epics-base")[0m
[1mepicsEnvSet("ENGINEER", "rpi")[0m
[1mepicsEnvSet("IOC", "iocRotaryEncoder")[0m
[1mepicsEnvSet("P", "RE:")[0m
[1mepicsEnvSet("R", "ch0:")[0m
[1mepicsEnvSet("SERIAL_PORT", "/dev/ttyACM0")[0m
[1mepicsEnvSet("SERIAL_BAUD", "115200")[0m
[1mcd "/home/rpi/arduino-apps/ioc_rotary_encoder"[0m
[1mdbLoadDatabase "dbd/RotaryEncoder.dbd"[0m
[1mRotaryEncoder_registerRecordDeviceDriver pdbbase[0m
[1mdbLoadRecords "db/RotaryEncoder.db", "P=RE:,R=ch0:"[0m
[1mcd "/home/rpi/arduino-apps/ioc_rotary_encoder/iocBoot/iocRotaryEncoder"[0m
[1miocInit[0m
############################################################################
## EPICS R7.0.9.1-DEV
## Rev. R7.0.9-191-g2e26ec09a6304c9a58e1
## Rev. Date Git: 2025-09-03 07:36:36 -0700
############################################################################
[1mrotaryStartSerialReader("RE:ch0:", "/dev/ttyACM0", "115200")[0m
[32;1mepics> [0mStarting iocInit
cas WARNING: Configured TCP port was unavailable.
cas WARNING: Using dynamically assigned TCP port 46863,
cas WARNING: but now two or more servers share the same UDP port.
cas WARNING: Depending on your IP kernel this server may not be
cas WARNING: reachable with UDP unicast (a host's IP in EPICS_CA_ADDR_LIST)
iocRun: All initialization complete
rotaryStartSerialReader: started serial reader thread prefix=RE:ch0: port=/dev/ttyACM0 baud=115200
rotarySerial: thread started prefix=RE:ch0: port=/dev/ttyACM0 baud=115200
rotarySerial: serial open/configured (/dev/ttyACM0)
[34;1m#!../../bin/linux-aarch64/RotaryEncoder[0m
[1m< envPaths[0m
[1mepicsEnvSet("IOC","iocRotaryEncoder")[0m
[1mepicsEnvSet("TOP","/home/rpi/arduino-apps/ioc_rotary_encoder")[0m
[1mepicsEnvSet("EPICS_BASE","/home/rpi/epics-base")[0m
[1mepicsEnvSet("ENGINEER", "rpi")[0m
[1mepicsEnvSet("IOC", "iocRotaryEncoder")[0m
[1mepicsEnvSet("P", "RE:")[0m
[1mepicsEnvSet("R", "ch0:")[0m
[1mepicsEnvSet("SERIAL_PORT", "/dev/ttyACM0")[0m
[1mepicsEnvSet("SERIAL_BAUD", "115200")[0m
[1mcd "/home/rpi/arduino-apps/ioc_rotary_encoder"[0m
[1mdbLoadDatabase "dbd/RotaryEncoder.dbd"[0m
[1mRotaryEncoder_registerRecordDeviceDriver pdbbase[0m
[1mdbLoadRecords "db/RotaryEncoder.db", "P=RE:,R=ch0:"[0m
[1mcd "/home/rpi/arduino-apps/ioc_rotary_encoder/iocBoot/iocRotaryEncoder"[0m
[1miocInit[0m
############################################################################
## EPICS R7.0.9.1-DEV
## Rev. R7.0.9-191-g2e26ec09a6304c9a58e1
## Rev. Date Git: 2025-09-03 07:36:36 -0700
############################################################################
[1mrotaryStartSerialReader("RE:ch0:", "/dev/ttyACM0", "115200")[0m
[32;1mepics> [0mStarting iocInit
cas WARNING: Configured TCP port was unavailable.
cas WARNING: Using dynamically assigned TCP port 38407,
cas WARNING: but now two or more servers share the same UDP port.
cas WARNING: Depending on your IP kernel this server may not be
cas WARNING: reachable with UDP unicast (a host's IP in EPICS_CA_ADDR_LIST)
iocRun: All initialization complete
rotaryStartSerialReader: started serial reader thread prefix=RE:ch0: port=/dev/ttyACM0 baud=115200
rotarySerial: thread started prefix=RE:ch0: port=/dev/ttyACM0 baud=115200
rotarySerial: serial open/configured (/dev/ttyACM0)
[34;1m#!../../bin/linux-aarch64/RotaryEncoder[0m
[1m< envPaths[0m
[1mepicsEnvSet("IOC","iocRotaryEncoder")[0m
[1mepicsEnvSet("TOP","/home/rpi/arduino-apps/ioc_rotary_encoder")[0m
[1mepicsEnvSet("EPICS_BASE","/home/rpi/epics-base")[0m
[1mepicsEnvSet("ENGINEER", "rpi")[0m
[1mepicsEnvSet("IOC", "iocRotaryEncoder")[0m
[1mepicsEnvSet("P", "RE:")[0m
[1mepicsEnvSet("R", "ch0:")[0m
[1mepicsEnvSet("SERIAL_PORT", "/dev/ttyACM0")[0m
[1mepicsEnvSet("SERIAL_BAUD", "115200")[0m
[1mcd "/home/rpi/arduino-apps/ioc_rotary_encoder"[0m
[1mdbLoadDatabase "dbd/RotaryEncoder.dbd"[0m
[1mRotaryEncoder_registerRecordDeviceDriver pdbbase[0m
[1mdbLoadRecords "db/RotaryEncoder.db", "P=RE:,R=ch0:"[0m
[1mcd "/home/rpi/arduino-apps/ioc_rotary_encoder/iocBoot/iocRotaryEncoder"[0m
[1miocInit[0m
############################################################################
## EPICS R7.0.9.1-DEV
## Rev. R7.0.9-191-g2e26ec09a6304c9a58e1
## Rev. Date Git: 2025-09-03 07:36:36 -0700
############################################################################
[1mrotaryStartSerialReader("RE:ch0:", "/dev/ttyACM0", "115200")[0m
[32;1mepics> [0mStarting iocInit
cas WARNING: Configured TCP port was unavailable.
cas WARNING: Using dynamically assigned TCP port 35925,
cas WARNING: but now two or more servers share the same UDP port.
cas WARNING: Depending on your IP kernel this server may not be
cas WARNING: reachable with UDP unicast (a host's IP in EPICS_CA_ADDR_LIST)
iocRun: All initialization complete
rotaryStartSerialReader: started serial reader thread prefix=RE:ch0: port=/dev/ttyACM0 baud=115200
rotarySerial: thread started prefix=RE:ch0: port=/dev/ttyACM0 baud=115200
rotarySerial: serial open/configured (/dev/ttyACM0)
[34;1m#!../../bin/linux-aarch64/RotaryEncoder[0m
[1m< envPaths[0m
[1mepicsEnvSet("IOC","iocRotaryEncoder")[0m
[1mepicsEnvSet("TOP","/home/rpi/arduino-apps/ioc_rotary_encoder")[0m
[1mepicsEnvSet("EPICS_BASE","/home/rpi/epics-base")[0m
[1mepicsEnvSet("ENGINEER", "rpi")[0m
[1mepicsEnvSet("IOC", "iocRotaryEncoder")[0m
[1mepicsEnvSet("P", "RE:")[0m
[1mepicsEnvSet("R", "ch0:")[0m
[1mepicsEnvSet("SERIAL_PORT", "/dev/ttyACM0")[0m
[1mepicsEnvSet("SERIAL_BAUD", "115200")[0m
[1mcd "/home/rpi/arduino-apps/ioc_rotary_encoder"[0m
[1mdbLoadDatabase "dbd/RotaryEncoder.dbd"[0m
[1mRotaryEncoder_registerRecordDeviceDriver pdbbase[0m
[1mdbLoadRecords "db/RotaryEncoder.db", "P=RE:,R=ch0:"[0m
[1mcd "/home/rpi/arduino-apps/ioc_rotary_encoder/iocBoot/iocRotaryEncoder"[0m
[1miocInit[0m
############################################################################
## EPICS R7.0.9.1-DEV
## Rev. R7.0.9-191-g2e26ec09a6304c9a58e1
## Rev. Date Git: 2025-09-03 07:36:36 -0700
############################################################################
[1mrotaryStartSerialReader("RE:ch0:", "/dev/ttyACM0", "115200")[0m
[32;1mepics> [0mStarting iocInit
cas WARNING: Configured TCP port was unavailable.
cas WARNING: Using dynamically assigned TCP port 43959,
cas WARNING: but now two or more servers share the same UDP port.
cas WARNING: Depending on your IP kernel this server may not be
cas WARNING: reachable with UDP unicast (a host's IP in EPICS_CA_ADDR_LIST)
iocRun: All initialization complete
rotaryStartSerialReader: started serial reader thread prefix=RE:ch0: port=/dev/ttyACM0 baud=115200
rotarySerial: thread started prefix=RE:ch0: port=/dev/ttyACM0 baud=115200
rotarySerial: serial open/configured (/dev/ttyACM0)
[34;1m#!../../bin/linux-aarch64/RotaryEncoder[0m
[1m< envPaths[0m
[1mepicsEnvSet("IOC","iocRotaryEncoder")[0m
[1mepicsEnvSet("TOP","/home/rpi/arduino-apps/ioc_rotary_encoder")[0m
[1mepicsEnvSet("EPICS_BASE","/home/rpi/epics-base")[0m
[1mepicsEnvSet("ENGINEER", "rpi")[0m
[1mepicsEnvSet("IOC", "iocRotaryEncoder")[0m
[1mepicsEnvSet("P", "RE:")[0m
[1mepicsEnvSet("R", "ch0:")[0m
[1mepicsEnvSet("SERIAL_PORT", "/dev/ttyACM0")[0m
[1mepicsEnvSet("SERIAL_BAUD", "115200")[0m
[1mcd "/home/rpi/arduino-apps/ioc_rotary_encoder"[0m
[1mdbLoadDatabase "dbd/RotaryEncoder.dbd"[0m
[1mRotaryEncoder_registerRecordDeviceDriver pdbbase[0m
[1mdbLoadRecords "db/RotaryEncoder.db", "P=RE:,R=ch0:"[0m
[1mcd "/home/rpi/arduino-apps/ioc_rotary_encoder/iocBoot/iocRotaryEncoder"[0m
[1miocInit[0m
############################################################################
## EPICS R7.0.9.1-DEV
## Rev. R7.0.9-191-g2e26ec09a6304c9a58e1
## Rev. Date Git: 2025-09-03 07:36:36 -0700
############################################################################
[1mrotaryStartSerialReader("RE:ch0:", "/dev/ttyACM0", "115200")[0m
[32;1mepics> [0mStarting iocInit
cas WARNING: Configured TCP port was unavailable.
cas WARNING: Using dynamically assigned TCP port 36019,
cas WARNING: but now two or more servers share the same UDP port.
cas WARNING: Depending on your IP kernel this server may not be
cas WARNING: reachable with UDP unicast (a host's IP in EPICS_CA_ADDR_LIST)
iocRun: All initialization complete
rotaryStartSerialReader: started serial reader thread prefix=RE:ch0: port=/dev/ttyACM0 baud=115200
rotarySerial: thread started prefix=RE:ch0: port=/dev/ttyACM0 baud=115200
rotarySerial: serial open/configured (/dev/ttyACM0)
[34;1m#!../../bin/linux-aarch64/RotaryEncoder[0m
[1m< envPaths[0m
[1mepicsEnvSet("IOC","iocRotaryEncoder")[0m
[1mepicsEnvSet("TOP","/home/rpi/arduino-apps/ioc_rotary_encoder")[0m
[1mepicsEnvSet("EPICS_BASE","/home/rpi/epics-base")[0m
[1mepicsEnvSet("ENGINEER", "rpi")[0m
[1mepicsEnvSet("IOC", "iocRotaryEncoder")[0m
[1mepicsEnvSet("P", "RE:")[0m
[1mepicsEnvSet("R", "ch0:")[0m
[1mepicsEnvSet("SERIAL_PORT", "/dev/ttyACM0")[0m
[1mepicsEnvSet("SERIAL_BAUD", "115200")[0m
[1mcd "/home/rpi/arduino-apps/ioc_rotary_encoder"[0m
[1mdbLoadDatabase "dbd/RotaryEncoder.dbd"[0m
[1mRotaryEncoder_registerRecordDeviceDriver pdbbase[0m
[1mdbLoadRecords "db/RotaryEncoder.db", "P=RE:,R=ch0:"[0m
[1mcd "/home/rpi/arduino-apps/ioc_rotary_encoder/iocBoot/iocRotaryEncoder"[0m
[1miocInit[0m
############################################################################
## EPICS R7.0.9.1-DEV
## Rev. R7.0.9-191-g2e26ec09a6304c9a58e1
## Rev. Date Git: 2025-09-03 07:36:36 -0700
############################################################################
[1mrotaryStartSerialReader("RE:ch0:", "/dev/ttyACM0", "115200")[0m
[32;1mepics> [0mStarting iocInit
cas WARNING: Configured TCP port was unavailable.
cas WARNING: Using dynamically assigned TCP port 34335,
cas WARNING: but now two or more servers share the same UDP port.
cas WARNING: Depending on your IP kernel this server may not be
cas WARNING: reachable with UDP unicast (a host's IP in EPICS_CA_ADDR_LIST)
iocRun: All initialization complete
rotaryStartSerialReader: started serial reader thread prefix=RE:ch0: port=/dev/ttyACM0 baud=115200
rotarySerial: thread started prefix=RE:ch0: port=/dev/ttyACM0 baud=115200
rotarySerial: serial open/configured (/dev/ttyACM0)
[34;1m#!../../bin/linux-aarch64/RotaryEncoder[0m
[1m< envPaths[0m
[1mepicsEnvSet("IOC","iocRotaryEncoder")[0m
[1mepicsEnvSet("TOP","/home/rpi/arduino-apps/ioc_rotary_encoder")[0m
[1mepicsEnvSet("EPICS_BASE","/home/rpi/epics-base")[0m
[1mepicsEnvSet("ENGINEER", "rpi")[0m
[1mepicsEnvSet("IOC", "iocRotaryEncoder")[0m
[1mepicsEnvSet("P", "RE:")[0m
[1mepicsEnvSet("R", "ch0:")[0m
[1mepicsEnvSet("SERIAL_PORT", "/dev/ttyACM0")[0m
[1mepicsEnvSet("SERIAL_BAUD", "115200")[0m
[1mcd "/home/rpi/arduino-apps/ioc_rotary_encoder"[0m
[1mdbLoadDatabase "dbd/RotaryEncoder.dbd"[0m
[1mRotaryEncoder_registerRecordDeviceDriver pdbbase[0m
[1mdbLoadRecords "db/RotaryEncoder.db", "P=RE:,R=ch0:"[0m
[1mcd "/home/rpi/arduino-apps/ioc_rotary_encoder/iocBoot/iocRotaryEncoder"[0m
[1miocInit[0m
############################################################################
## EPICS R7.0.9.1-DEV
## Rev. R7.0.9-191-g2e26ec09a6304c9a58e1
## Rev. Date Git: 2025-09-03 07:36:36 -0700
############################################################################
[1mrotaryStartSerialReader("RE:ch0:", "/dev/ttyACM0", "115200")[0m
[32;1mepics> [0mStarting iocInit
cas WARNING: Configured TCP port was unavailable.
cas WARNING: Using dynamically assigned TCP port 38407,
cas WARNING: but now two or more servers share the same UDP port.
cas WARNING: Depending on your IP kernel this server may not be
cas WARNING: reachable with UDP unicast (a host's IP in EPICS_CA_ADDR_LIST)
iocRun: All initialization complete
rotaryStartSerialReader: started serial reader thread prefix=RE:ch0: port=/dev/ttyACM0 baud=115200
rotarySerial: thread started prefix=RE:ch0: port=/dev/ttyACM0 baud=115200
rotarySerial: serial open/configured (/dev/ttyACM0)
[34;1m#!../../bin/linux-aarch64/RotaryEncoder[0m
[1m< envPaths[0m
[1mepicsEnvSet("IOC","iocRotaryEncoder")[0m
[1mepicsEnvSet("TOP","/home/rpi/arduino-apps/ioc_rotary_encoder")[0m
[1mepicsEnvSet("EPICS_BASE","/home/rpi/epics-base")[0m
[1mepicsEnvSet("ENGINEER", "rpi")[0m
[1mepicsEnvSet("IOC", "iocRotaryEncoder")[0m
[1mepicsEnvSet("P", "RE:")[0m
[1mepicsEnvSet("R", "ch0:")[0m
[1mepicsEnvSet("SERIAL_PORT", "/dev/ttyACM0")[0m
[1mepicsEnvSet("SERIAL_BAUD", "115200")[0m
[1mcd "/home/rpi/arduino-apps/ioc_rotary_encoder"[0m
[1mdbLoadDatabase "dbd/RotaryEncoder.dbd"[0m
[1mRotaryEncoder_registerRecordDeviceDriver pdbbase[0m
[1mdbLoadRecords "db/RotaryEncoder.db", "P=RE:,R=ch0:"[0m
[1mcd "/home/rpi/arduino-apps/ioc_rotary_encoder/iocBoot/iocRotaryEncoder"[0m
[1miocInit[0m
############################################################################
## EPICS R7.0.9.1-DEV
## Rev. R7.0.9-191-g2e26ec09a6304c9a58e1
## Rev. Date Git: 2025-09-03 07:36:36 -0700
############################################################################
[1mrotaryStartSerialReader("RE:ch0:", "/dev/ttyACM0", "115200")[0m
[32;1mepics> [0mStarting iocInit
cas WARNING: Configured TCP port was unavailable.
cas WARNING: Using dynamically assigned TCP port 37067,
cas WARNING: but now two or more servers share the same UDP port.
cas WARNING: Depending on your IP kernel this server may not be
cas WARNING: reachable with UDP unicast (a host's IP in EPICS_CA_ADDR_LIST)
iocRun: All initialization complete
rotaryStartSerialReader: started serial reader thread prefix=RE:ch0: port=/dev/ttyACM0 baud=115200
rotarySerial: thread started prefix=RE:ch0: port=/dev/ttyACM0 baud=115200
rotarySerial: serial open/configured (/dev/ttyACM0)
[34;1m#!../../bin/linux-aarch64/RotaryEncoder[0m
[1m< envPaths[0m
[1mepicsEnvSet("IOC","iocRotaryEncoder")[0m
[1mepicsEnvSet("TOP","/home/rpi/arduino-apps/ioc_rotary_encoder")[0m
[1mepicsEnvSet("EPICS_BASE","/home/rpi/epics-base")[0m
[1mepicsEnvSet("ENGINEER", "rpi")[0m
[1mepicsEnvSet("IOC", "iocRotaryEncoder")[0m
[1mepicsEnvSet("P", "RE:")[0m
[1mepicsEnvSet("R", "ch0:")[0m
[1mepicsEnvSet("SERIAL_PORT", "/dev/ttyACM0")[0m
[1mepicsEnvSet("SERIAL_BAUD", "115200")[0m
[1mcd "/home/rpi/arduino-apps/ioc_rotary_encoder"[0m
[1mdbLoadDatabase "dbd/RotaryEncoder.dbd"[0m
[1mRotaryEncoder_registerRecordDeviceDriver pdbbase[0m
[1mdbLoadRecords "db/RotaryEncoder.db", "P=RE:,R=ch0:"[0m
[1mcd "/home/rpi/arduino-apps/ioc_rotary_encoder/iocBoot/iocRotaryEncoder"[0m
[1miocInit[0m
############################################################################
## EPICS R7.0.9.1-DEV
## Rev. R7.0.9-191-g2e26ec09a6304c9a58e1
## Rev. Date Git: 2025-09-03 07:36:36 -0700
############################################################################
[1mrotaryStartSerialReader("RE:ch0:", "/dev/ttyACM0", "115200")[0m
[32;1mepics> [0mStarting iocInit
cas WARNING: Configured TCP port was unavailable.
cas WARNING: Using dynamically assigned TCP port 39357,
cas WARNING: but now two or more servers share the same UDP port.
cas WARNING: Depending on your IP kernel this server may not be
cas WARNING: reachable with UDP unicast (a host's IP in EPICS_CA_ADDR_LIST)
iocRun: All initialization complete
rotaryStartSerialReader: started serial reader thread prefix=RE:ch0: port=/dev/ttyACM0 baud=115200
rotarySerial: thread started prefix=RE:ch0: port=/dev/ttyACM0 baud=115200
rotarySerial: serial open/configured (/dev/ttyACM0)
[34;1m#!../../bin/linux-aarch64/RotaryEncoder[0m
[1m< envPaths[0m
[1mepicsEnvSet("IOC","iocRotaryEncoder")[0m
[1mepicsEnvSet("TOP","/home/rpi/arduino-apps/ioc_rotary_encoder")[0m
[1mepicsEnvSet("EPICS_BASE","/home/rpi/epics-base")[0m
[1mepicsEnvSet("ENGINEER", "rpi")[0m
[1mepicsEnvSet("IOC", "iocRotaryEncoder")[0m
[1mepicsEnvSet("P", "RE:")[0m
[1mepicsEnvSet("R", "ch0:")[0m
[1mepicsEnvSet("SERIAL_PORT", "/dev/ttyACM0")[0m
[1mepicsEnvSet("SERIAL_BAUD", "115200")[0m
[1mcd "/home/rpi/arduino-apps/ioc_rotary_encoder"[0m
[1mdbLoadDatabase "dbd/RotaryEncoder.dbd"[0m
[1mRotaryEncoder_registerRecordDeviceDriver pdbbase[0m
[1mdbLoadRecords "db/RotaryEncoder.db", "P=RE:,R=ch0:"[0m
[1mcd "/home/rpi/arduino-apps/ioc_rotary_encoder/iocBoot/iocRotaryEncoder"[0m
[1miocInit[0m
############################################################################
## EPICS R7.0.9.1-DEV
## Rev. R7.0.9-191-g2e26ec09a6304c9a58e1
## Rev. Date Git: 2025-09-03 07:36:36 -0700
############################################################################
[1mrotaryStartSerialReader("RE:ch0:", "/dev/ttyACM0", "115200")[0m
[32;1mepics> [0mStarting iocInit
cas WARNING: Configured TCP port was unavailable.
cas WARNING: Using dynamically assigned TCP port 39129,
cas WARNING: but now two or more servers share the same UDP port.
cas WARNING: Depending on your IP kernel this server may not be
cas WARNING: reachable with UDP unicast (a host's IP in EPICS_CA_ADDR_LIST)
iocRun: All initialization complete
rotaryStartSerialReader: started serial reader thread prefix=RE:ch0: port=/dev/ttyACM0 baud=115200
rotarySerial: thread started prefix=RE:ch0: port=/dev/ttyACM0 baud=115200
rotarySerial: serial open/configured (/dev/ttyACM0)
[34;1m#!../../bin/linux-aarch64/RotaryEncoder[0m
[1m< envPaths[0m
[1mepicsEnvSet("IOC","iocRotaryEncoder")[0m
[1mepicsEnvSet("TOP","/home/rpi/arduino-apps/ioc_rotary_encoder")[0m
[1mepicsEnvSet("EPICS_BASE","/home/rpi/epics-base")[0m
[1mepicsEnvSet("ENGINEER", "rpi")[0m
[1mepicsEnvSet("IOC", "iocRotaryEncoder")[0m
[1mepicsEnvSet("P", "RE:")[0m
[1mepicsEnvSet("R", "ch0:")[0m
[1mepicsEnvSet("SERIAL_PORT", "/dev/ttyACM0")[0m
[1mepicsEnvSet("SERIAL_BAUD", "115200")[0m
[1mcd "/home/rpi/arduino-apps/ioc_rotary_encoder"[0m
[1mdbLoadDatabase "dbd/RotaryEncoder.dbd"[0m
[1mRotaryEncoder_registerRecordDeviceDriver pdbbase[0m
[1mdbLoadRecords "db/RotaryEncoder.db", "P=RE:,R=ch0:"[0m
[1mcd "/home/rpi/arduino-apps/ioc_rotary_encoder/iocBoot/iocRotaryEncoder"[0m
[1miocInit[0m
############################################################################
## EPICS R7.0.9.1-DEV
## Rev. R7.0.9-191-g2e26ec09a6304c9a58e1
## Rev. Date Git: 2025-09-03 07:36:36 -0700
############################################################################
[1mrotaryStartSerialReader("RE:ch0:", "/dev/ttyACM0", "115200")[0m
[32;1mepics> [0mStarting iocInit
cas WARNING: Configured TCP port was unavailable.
cas WARNING: Using dynamically assigned TCP port 45221,
cas WARNING: but now two or more servers share the same UDP port.
cas WARNING: Depending on your IP kernel this server may not be
cas WARNING: reachable with UDP unicast (a host's IP in EPICS_CA_ADDR_LIST)
iocRun: All initialization complete
rotaryStartSerialReader: started serial reader thread prefix=RE:ch0: port=/dev/ttyACM0 baud=115200
rotarySerial: thread started prefix=RE:ch0: port=/dev/ttyACM0 baud=115200
rotarySerial: serial open/configured (/dev/ttyACM0)
[34;1m#!../../bin/linux-aarch64/RotaryEncoder[0m
[1m< envPaths[0m
[1mepicsEnvSet("IOC","iocRotaryEncoder")[0m
[1mepicsEnvSet("TOP","/home/rpi/arduino-apps/ioc_rotary_encoder")[0m
[1mepicsEnvSet("EPICS_BASE","/home/rpi/epics-base")[0m
[1mepicsEnvSet("ENGINEER", "rpi")[0m
[1mepicsEnvSet("IOC", "iocRotaryEncoder")[0m
[1mepicsEnvSet("P", "RE:")[0m
[1mepicsEnvSet("R", "ch0:")[0m
[1mepicsEnvSet("SERIAL_PORT", "/dev/ttyACM0")[0m
[1mepicsEnvSet("SERIAL_BAUD", "115200")[0m
[1mcd "/home/rpi/arduino-apps/ioc_rotary_encoder"[0m
[1mdbLoadDatabase "dbd/RotaryEncoder.dbd"[0m
[1mRotaryEncoder_registerRecordDeviceDriver pdbbase[0m
[1mdbLoadRecords "db/RotaryEncoder.db", "P=RE:,R=ch0:"[0m
[1mcd "/home/rpi/arduino-apps/ioc_rotary_encoder/iocBoot/iocRotaryEncoder"[0m
[1miocInit[0m
############################################################################
## EPICS R7.0.9.1-DEV
## Rev. R7.0.9-191-g2e26ec09a6304c9a58e1
## Rev. Date Git: 2025-09-03 07:36:36 -0700
############################################################################
[1mrotaryStartSerialReader("RE:ch0:", "/dev/ttyACM0", "115200")[0m
[32;1mepics> [0mStarting iocInit
cas WARNING: Configured TCP port was unavailable.
cas WARNING: Using dynamically assigned TCP port 44227,
cas WARNING: but now two or more servers share the same UDP port.
cas WARNING: Depending on your IP kernel this server may not be
cas WARNING: reachable with UDP unicast (a host's IP in EPICS_CA_ADDR_LIST)
iocRun: All initialization complete
rotaryStartSerialReader: started serial reader thread prefix=RE:ch0: port=/dev/ttyACM0 baud=115200
rotarySerial: thread started prefix=RE:ch0: port=/dev/ttyACM0 baud=115200
rotarySerial: serial open/configured (/dev/ttyACM0)
[34;1m#!../../bin/linux-aarch64/RotaryEncoder[0m
[1m< envPaths[0m
[1mepicsEnvSet("IOC","iocRotaryEncoder")[0m
[1mepicsEnvSet("TOP","/home/rpi/arduino-apps/ioc_rotary_encoder")[0m
[1mepicsEnvSet("EPICS_BASE","/home/rpi/epics-base")[0m
[1mepicsEnvSet("ENGINEER", "rpi")[0m
[1mepicsEnvSet("IOC", "iocRotaryEncoder")[0m
[1mepicsEnvSet("P", "RE:")[0m
[1mepicsEnvSet("R", "ch0:")[0m
[1mepicsEnvSet("SERIAL_PORT", "/dev/ttyACM0")[0m
[1mepicsEnvSet("SERIAL_BAUD", "115200")[0m
[1mcd "/home/rpi/arduino-apps/ioc_rotary_encoder"[0m
[1mdbLoadDatabase "dbd/RotaryEncoder.dbd"[0m
[1mRotaryEncoder_registerRecordDeviceDriver pdbbase[0m
[1mdbLoadRecords "db/RotaryEncoder.db", "P=RE:,R=ch0:"[0m
[1mcd "/home/rpi/arduino-apps/ioc_rotary_encoder/iocBoot/iocRotaryEncoder"[0m
[1miocInit[0m
############################################################################
## EPICS R7.0.9.1-DEV
## Rev. R7.0.9-191-g2e26ec09a6304c9a58e1
## Rev. Date Git: 2025-09-03 07:36:36 -0700
############################################################################
[1mrotaryStartSerialReader("RE:ch0:", "/dev/ttyACM0", "115200")[0m
[32;1mepics> [0mStarting iocInit
cas WARNING: Configured TCP port was unavailable.
cas WARNING: Using dynamically assigned TCP port 45965,
cas WARNING: but now two or more servers share the same UDP port.
cas WARNING: Depending on your IP kernel this server may not be
cas WARNING: reachable with UDP unicast (a host's IP in EPICS_CA_ADDR_LIST)
iocRun: All initialization complete
rotaryStartSerialReader: started serial reader thread prefix=RE:ch0: port=/dev/ttyACM0 baud=115200
rotarySerial: thread started prefix=RE:ch0: port=/dev/ttyACM0 baud=115200
rotarySerial: serial open/configured (/dev/ttyACM0)
[34;1m#!../../bin/linux-aarch64/RotaryEncoder[0m
[1m< envPaths[0m
[1mepicsEnvSet("IOC","iocRotaryEncoder")[0m
[1mepicsEnvSet("TOP","/home/rpi/arduino-apps/ioc_rotary_encoder")[0m
[1mepicsEnvSet("EPICS_BASE","/home/rpi/epics-base")[0m
[1mepicsEnvSet("ENGINEER", "rpi")[0m
[1mepicsEnvSet("IOC", "iocRotaryEncoder")[0m
[1mepicsEnvSet("P", "RE:")[0m
[1mepicsEnvSet("R", "ch0:")[0m
[1mepicsEnvSet("SERIAL_PORT", "/dev/ttyACM0")[0m
[1mepicsEnvSet("SERIAL_BAUD", "115200")[0m
[1mcd "/home/rpi/arduino-apps/ioc_rotary_encoder"[0m
[1mdbLoadDatabase "dbd/RotaryEncoder.dbd"[0m
[1mRotaryEncoder_registerRecordDeviceDriver pdbbase[0m
[1mdbLoadRecords "db/RotaryEncoder.db", "P=RE:,R=ch0:"[0m
[1mcd "/home/rpi/arduino-apps/ioc_rotary_encoder/iocBoot/iocRotaryEncoder"[0m
[1miocInit[0m
############################################################################
## EPICS R7.0.9.1-DEV
## Rev. R7.0.9-191-g2e26ec09a6304c9a58e1
## Rev. Date Git: 2025-09-03 07:36:36 -0700
############################################################################
[1mrotaryStartSerialReader("RE:ch0:", "/dev/ttyACM0", "115200")[0m
[32;1mepics> [0mStarting iocInit
cas WARNING: Configured TCP port was unavailable.
cas WARNING: Using dynamically assigned TCP port 42173,
cas WARNING: but now two or more servers share the same UDP port.
cas WARNING: Depending on your IP kernel this server may not be
cas WARNING: reachable with UDP unicast (a host's IP in EPICS_CA_ADDR_LIST)
iocRun: All initialization complete
rotaryStartSerialReader: started serial reader thread prefix=RE:ch0: port=/dev/ttyACM0 baud=115200
rotarySerial: thread started prefix=RE:ch0: port=/dev/ttyACM0 baud=115200
rotarySerial: serial open/configured (/dev/ttyACM0)
[34;1m#!../../bin/linux-aarch64/RotaryEncoder[0m
[1m< envPaths[0m
[1mepicsEnvSet("IOC","iocRotaryEncoder")[0m
[1mepicsEnvSet("TOP","/home/rpi/arduino-apps/ioc_rotary_encoder")[0m
[1mepicsEnvSet("EPICS_BASE","/home/rpi/epics-base")[0m
[1mepicsEnvSet("ENGINEER", "rpi")[0m
[1mepicsEnvSet("IOC", "iocRotaryEncoder")[0m
[1mepicsEnvSet("P", "RE:")[0m
[1mepicsEnvSet("R", "ch0:")[0m
[1mepicsEnvSet("SERIAL_PORT", "/dev/ttyACM0")[0m
[1mepicsEnvSet("SERIAL_BAUD", "115200")[0m
[1mcd "/home/rpi/arduino-apps/ioc_rotary_encoder"[0m
[1mdbLoadDatabase "dbd/RotaryEncoder.dbd"[0m
[1mRotaryEncoder_registerRecordDeviceDriver pdbbase[0m
[1mdbLoadRecords "db/RotaryEncoder.db", "P=RE:,R=ch0:"[0m
[1mcd "/home/rpi/arduino-apps/ioc_rotary_encoder/iocBoot/iocRotaryEncoder"[0m
[1miocInit[0m
############################################################################
## EPICS R7.0.9.1-DEV
## Rev. R7.0.9-191-g2e26ec09a6304c9a58e1
## Rev. Date Git: 2025-09-03 07:36:36 -0700
############################################################################
[1mrotaryStartSerialReader("RE:ch0:", "/dev/ttyACM0", "115200")[0m
[32;1mepics> [0mStarting iocInit
cas WARNING: Configured TCP port was unavailable.
cas WARNING: Using dynamically assigned TCP port 37325,
cas WARNING: but now two or more servers share the same UDP port.
cas WARNING: Depending on your IP kernel this server may not be
cas WARNING: reachable with UDP unicast (a host's IP in EPICS_CA_ADDR_LIST)
iocRun: All initialization complete
rotaryStartSerialReader: started serial reader thread prefix=RE:ch0: port=/dev/ttyACM0 baud=115200
rotarySerial: thread started prefix=RE:ch0: port=/dev/ttyACM0 baud=115200
rotarySerial: serial open/configured (/dev/ttyACM0)
[34;1m#!../../bin/linux-aarch64/RotaryEncoder[0m
[1m< envPaths[0m
[1mepicsEnvSet("IOC","iocRotaryEncoder")[0m
[1mepicsEnvSet("TOP","/home/rpi/arduino-apps/ioc_rotary_encoder")[0m
[1mepicsEnvSet("EPICS_BASE","/home/rpi/epics-base")[0m
[1mepicsEnvSet("ENGINEER", "rpi")[0m
[1mepicsEnvSet("IOC", "iocRotaryEncoder")[0m
[1mepicsEnvSet("P", "RE:")[0m
[1mepicsEnvSet("R", "ch0:")[0m
[1mepicsEnvSet("SERIAL_PORT", "/dev/ttyACM0")[0m
[1mepicsEnvSet("SERIAL_BAUD", "115200")[0m
[1mcd "/home/rpi/arduino-apps/ioc_rotary_encoder"[0m
[1mdbLoadDatabase "dbd/RotaryEncoder.dbd"[0m
[1mRotaryEncoder_registerRecordDeviceDriver pdbbase[0m
[1mdbLoadRecords "db/RotaryEncoder.db", "P=RE:,R=ch0:"[0m
[1mcd "/home/rpi/arduino-apps/ioc_rotary_encoder/iocBoot/iocRotaryEncoder"[0m
[1miocInit[0m
############################################################################
## EPICS R7.0.9.1-DEV
## Rev. R7.0.9-191-g2e26ec09a6304c9a58e1
## Rev. Date Git: 2025-09-03 07:36:36 -0700
############################################################################
[1mrotaryStartSerialReader("RE:ch0:", "/dev/ttyACM0", "115200")[0m
[32;1mepics> [0mStarting iocInit
cas WARNING: Configured TCP port was unavailable.
cas WARNING: Using dynamically assigned TCP port 43867,
cas WARNING: but now two or more servers share the same UDP port.
cas WARNING: Depending on your IP kernel this server may not be
cas WARNING: reachable with UDP unicast (a host's IP in EPICS_CA_ADDR_LIST)
iocRun: All initialization complete
rotaryStartSerialReader: started serial reader thread prefix=RE:ch0: port=/dev/ttyACM0 baud=115200
rotarySerial: thread started prefix=RE:ch0: port=/dev/ttyACM0 baud=115200
rotarySerial: serial open/configured (/dev/ttyACM0)
[34;1m#!../../bin/linux-aarch64/RotaryEncoder[0m
[1m< envPaths[0m
[1mepicsEnvSet("IOC","iocRotaryEncoder")[0m
[1mepicsEnvSet("TOP","/home/rpi/arduino-apps/ioc_rotary_encoder")[0m
[1mepicsEnvSet("EPICS_BASE","/home/rpi/epics-base")[0m
[1mepicsEnvSet("ENGINEER", "rpi")[0m
[1mepicsEnvSet("IOC", "iocRotaryEncoder")[0m
[1mepicsEnvSet("P", "RE:")[0m
[1mepicsEnvSet("R", "ch0:")[0m
[1mepicsEnvSet("SERIAL_PORT", "/dev/ttyACM0")[0m
[1mepicsEnvSet("SERIAL_BAUD", "115200")[0m
[1mcd "/home/rpi/arduino-apps/ioc_rotary_encoder"[0m
[1mdbLoadDatabase "dbd/RotaryEncoder.dbd"[0m
[1mRotaryEncoder_registerRecordDeviceDriver pdbbase[0m
[1mdbLoadRecords "db/RotaryEncoder.db", "P=RE:,R=ch0:"[0m
[1mcd "/home/rpi/arduino-apps/ioc_rotary_encoder/iocBoot/iocRotaryEncoder"[0m
[1miocInit[0m
############################################################################
## EPICS R7.0.9.1-DEV
## Rev. R7.0.9-191-g2e26ec09a6304c9a58e1
## Rev. Date Git: 2025-09-03 07:36:36 -0700
############################################################################
[1mrotaryStartSerialReader("RE:ch0:", "/dev/ttyACM0", "115200")[0m
[32;1mepics> [0mStarting iocInit
cas WARNING: Configured TCP port was unavailable.
cas WARNING: Using dynamically assigned TCP port 40765,
cas WARNING: but now two or more servers share the same UDP port.
cas WARNING: Depending on your IP kernel this server may not be
cas WARNING: reachable with UDP unicast (a host's IP in EPICS_CA_ADDR_LIST)
iocRun: All initialization complete
rotaryStartSerialReader: started serial reader thread prefix=RE:ch0: port=/dev/ttyACM0 baud=115200
rotarySerial: thread started prefix=RE:ch0: port=/dev/ttyACM0 baud=115200
rotarySerial: serial open/configured (/dev/ttyACM0)
[34;1m#!../../bin/linux-aarch64/RotaryEncoder[0m
[1m< envPaths[0m
[1mepicsEnvSet("IOC","iocRotaryEncoder")[0m
[1mepicsEnvSet("TOP","/home/rpi/arduino-apps/ioc_rotary_encoder")[0m
[1mepicsEnvSet("EPICS_BASE","/home/rpi/epics-base")[0m
[1mepicsEnvSet("ENGINEER", "rpi")[0m
[1mepicsEnvSet("IOC", "iocRotaryEncoder")[0m
[1mepicsEnvSet("P", "RE:")[0m
[1mepicsEnvSet("R", "ch0:")[0m
[1mepicsEnvSet("SERIAL_PORT", "/dev/ttyACM0")[0m
[1mepicsEnvSet("SERIAL_BAUD", "115200")[0m
[1mcd "/home/rpi/arduino-apps/ioc_rotary_encoder"[0m
[1mdbLoadDatabase "dbd/RotaryEncoder.dbd"[0m
[1mRotaryEncoder_registerRecordDeviceDriver pdbbase[0m
[1mdbLoadRecords "db/RotaryEncoder.db", "P=RE:,R=ch0:"[0m
[1mcd "/home/rpi/arduino-apps/ioc_rotary_encoder/iocBoot/iocRotaryEncoder"[0m
[1miocInit[0m
############################################################################
## EPICS R7.0.9.1-DEV
## Rev. R7.0.9-191-g2e26ec09a6304c9a58e1
## Rev. Date Git: 2025-09-03 07:36:36 -0700
############################################################################
[1mrotaryStartSerialReader("RE:ch0:", "/dev/ttyACM0", "115200")[0m
[32;1mepics> [0mStarting iocInit
cas WARNING: Configured TCP port was unavailable.
cas WARNING: Using dynamically assigned TCP port 40517,
cas WARNING: but now two or more servers share the same UDP port.
cas WARNING: Depending on your IP kernel this server may not be
cas WARNING: reachable with UDP unicast (a host's IP in EPICS_CA_ADDR_LIST)
iocRun: All initialization complete
rotaryStartSerialReader: started serial reader thread prefix=RE:ch0: port=/dev/ttyACM0 baud=115200
rotarySerial: thread started prefix=RE:ch0: port=/dev/ttyACM0 baud=115200
rotarySerial: serial open/configured (/dev/ttyACM0)
[34;1m#!../../bin/linux-aarch64/RotaryEncoder[0m
[1m< envPaths[0m
[1mepicsEnvSet("IOC","iocRotaryEncoder")[0m
[1mepicsEnvSet("TOP","/home/rpi/arduino-apps/ioc_rotary_encoder")[0m
[1mepicsEnvSet("EPICS_BASE","/home/rpi/epics-base")[0m
[1mepicsEnvSet("ENGINEER", "rpi")[0m
[1mepicsEnvSet("IOC", "iocRotaryEncoder")[0m
[1mepicsEnvSet("P", "RE:")[0m
[1mepicsEnvSet("R", "ch0:")[0m
[1mepicsEnvSet("SERIAL_PORT", "/dev/ttyACM0")[0m
[1mepicsEnvSet("SERIAL_BAUD", "115200")[0m
[1mcd "/home/rpi/arduino-apps/ioc_rotary_encoder"[0m
[1mdbLoadDatabase "dbd/RotaryEncoder.dbd"[0m
[1mRotaryEncoder_registerRecordDeviceDriver pdbbase[0m
[1mdbLoadRecords "db/RotaryEncoder.db", "P=RE:,R=ch0:"[0m
[1mcd "/home/rpi/arduino-apps/ioc_rotary_encoder/iocBoot/iocRotaryEncoder"[0m
[1miocInit[0m
############################################################################
## EPICS R7.0.9.1-DEV
## Rev. R7.0.9-191-g2e26ec09a6304c9a58e1
## Rev. Date Git: 2025-09-03 07:36:36 -0700
############################################################################
[1mrotaryStartSerialReader("RE:ch0:", "/dev/ttyACM0", "115200")[0m
[32;1mepics> [0mStarting iocInit
cas WARNING: Configured TCP port was unavailable.
cas WARNING: Using dynamically assigned TCP port 35573,
cas WARNING: but now two or more servers share the same UDP port.
cas WARNING: Depending on your IP kernel this server may not be
cas WARNING: reachable with UDP unicast (a host's IP in EPICS_CA_ADDR_LIST)
iocRun: All initialization complete
rotaryStartSerialReader: started serial reader thread prefix=RE:ch0: port=/dev/ttyACM0 baud=115200
rotarySerial: thread started prefix=RE:ch0: port=/dev/ttyACM0 baud=115200
rotarySerial: serial open/configured (/dev/ttyACM0)
[34;1m#!../../bin/linux-aarch64/RotaryEncoder[0m
[1m< envPaths[0m
[1mepicsEnvSet("IOC","iocRotaryEncoder")[0m
[1mepicsEnvSet("TOP","/home/rpi/arduino-apps/ioc_rotary_encoder")[0m
[1mepicsEnvSet("EPICS_BASE","/home/rpi/epics-base")[0m
[1mepicsEnvSet("ENGINEER", "rpi")[0m
[1mepicsEnvSet("IOC", "iocRotaryEncoder")[0m
[1mepicsEnvSet("P", "RE:")[0m
[1mepicsEnvSet("R", "ch0:")[0m
[1mepicsEnvSet("SERIAL_PORT", "/dev/ttyACM0")[0m
[1mepicsEnvSet("SERIAL_BAUD", "115200")[0m
[1mcd "/home/rpi/arduino-apps/ioc_rotary_encoder"[0m
[1mdbLoadDatabase "dbd/RotaryEncoder.dbd"[0m
[1mRotaryEncoder_registerRecordDeviceDriver pdbbase[0m
[1mdbLoadRecords "db/RotaryEncoder.db", "P=RE:,R=ch0:"[0m
[1mcd "/home/rpi/arduino-apps/ioc_rotary_encoder/iocBoot/iocRotaryEncoder"[0m
[1miocInit[0m
############################################################################
## EPICS R7.0.9.1-DEV
## Rev. R7.0.9-191-g2e26ec09a6304c9a58e1
## Rev. Date Git: 2025-09-03 07:36:36 -0700
############################################################################
[1mrotaryStartSerialReader("RE:ch0:", "/dev/ttyACM0", "115200")[0m
[32;1mepics> [0mStarting iocInit
cas WARNING: Configured TCP port was unavailable.
cas WARNING: Using dynamically assigned TCP port 40785,
cas WARNING: but now two or more servers share the same UDP port.
cas WARNING: Depending on your IP kernel this server may not be
cas WARNING: reachable with UDP unicast (a host's IP in EPICS_CA_ADDR_LIST)
iocRun: All initialization complete
rotaryStartSerialReader: started serial reader thread prefix=RE:ch0: port=/dev/ttyACM0 baud=115200
rotarySerial: thread started prefix=RE:ch0: port=/dev/ttyACM0 baud=115200
rotarySerial: serial open/configured (/dev/ttyACM0)
[34;1m#!../../bin/linux-aarch64/RotaryEncoder[0m
[1m< envPaths[0m
[1mepicsEnvSet("IOC","iocRotaryEncoder")[0m
[1mepicsEnvSet("TOP","/home/rpi/arduino-apps/ioc_rotary_encoder")[0m
[1mepicsEnvSet("EPICS_BASE","/home/rpi/epics-base")[0m
[1mepicsEnvSet("ENGINEER", "rpi")[0m
[1mepicsEnvSet("IOC", "iocRotaryEncoder")[0m
[1mepicsEnvSet("P", "RE:")[0m
[1mepicsEnvSet("R", "ch0:")[0m
[1mepicsEnvSet("SERIAL_PORT", "/dev/ttyACM0")[0m
[1mepicsEnvSet("SERIAL_BAUD", "115200")[0m
[1mcd "/home/rpi/arduino-apps/ioc_rotary_encoder"[0m
[1mdbLoadDatabase "dbd/RotaryEncoder.dbd"[0m
[1mRotaryEncoder_registerRecordDeviceDriver pdbbase[0m
[1mdbLoadRecords "db/RotaryEncoder.db", "P=RE:,R=ch0:"[0m
[1mcd "/home/rpi/arduino-apps/ioc_rotary_encoder/iocBoot/iocRotaryEncoder"[0m
[1miocInit[0m
############################################################################
## EPICS R7.0.9.1-DEV
## Rev. R7.0.9-191-g2e26ec09a6304c9a58e1
## Rev. Date Git: 2025-09-03 07:36:36 -0700
############################################################################
[1mrotaryStartSerialReader("RE:ch0:", "/dev/ttyACM0", "115200")[0m
[32;1mepics> [0mStarting iocInit
cas WARNING: Configured TCP port was unavailable.
cas WARNING: Using dynamically assigned TCP port 45419,
cas WARNING: but now two or more servers share the same UDP port.
cas WARNING: Depending on your IP kernel this server may not be
cas WARNING: reachable with UDP unicast (a host's IP in EPICS_CA_ADDR_LIST)
iocRun: All initialization complete
rotaryStartSerialReader: started serial reader thread prefix=RE:ch0: port=/dev/ttyACM0 baud=115200
rotarySerial: thread started prefix=RE:ch0: port=/dev/ttyACM0 baud=115200
rotarySerial: serial open/configured (/dev/ttyACM0)
[34;1m#!../../bin/linux-aarch64/RotaryEncoder[0m
[1m< envPaths[0m
[1mepicsEnvSet("IOC","iocRotaryEncoder")[0m
[1mepicsEnvSet("TOP","/home/rpi/arduino-apps/ioc_rotary_encoder")[0m
[1mepicsEnvSet("EPICS_BASE","/home/rpi/epics-base")[0m
[1mepicsEnvSet("ENGINEER", "rpi")[0m
[1mepicsEnvSet("IOC", "iocRotaryEncoder")[0m
[1mepicsEnvSet("P", "RE:")[0m
[1mepicsEnvSet("R", "ch0:")[0m
[1mepicsEnvSet("SERIAL_PORT", "/dev/ttyACM0")[0m
[1mepicsEnvSet("SERIAL_BAUD", "115200")[0m
[1mcd "/home/rpi/arduino-apps/ioc_rotary_encoder"[0m
[1mdbLoadDatabase "dbd/RotaryEncoder.dbd"[0m
[1mRotaryEncoder_registerRecordDeviceDriver pdbbase[0m
[1mdbLoadRecords "db/RotaryEncoder.db", "P=RE:,R=ch0:"[0m
[1mcd "/home/rpi/arduino-apps/ioc_rotary_encoder/iocBoot/iocRotaryEncoder"[0m
[1miocInit[0m
############################################################################
## EPICS R7.0.9.1-DEV
## Rev. R7.0.9-191-g2e26ec09a6304c9a58e1
## Rev. Date Git: 2025-09-03 07:36:36 -0700
############################################################################
[1mrotaryStartSerialReader("RE:ch0:", "/dev/ttyACM0", "115200")[0m
[32;1mepics> [0mStarting iocInit
cas WARNING: Configured TCP port was unavailable.
cas WARNING: Using dynamically assigned TCP port 46059,
cas WARNING: but now two or more servers share the same UDP port.
cas WARNING: Depending on your IP kernel this server may not be
cas WARNING: reachable with UDP unicast (a host's IP in EPICS_CA_ADDR_LIST)
iocRun: All initialization complete
rotaryStartSerialReader: started serial reader thread prefix=RE:ch0: port=/dev/ttyACM0 baud=115200
rotarySerial: thread started prefix=RE:ch0: port=/dev/ttyACM0 baud=115200
rotarySerial: serial open/configured (/dev/ttyACM0)
[34;1m#!../../bin/linux-aarch64/RotaryEncoder[0m
[1m< envPaths[0m
[1mepicsEnvSet("IOC","iocRotaryEncoder")[0m
[1mepicsEnvSet("TOP","/home/rpi/arduino-apps/ioc_rotary_encoder")[0m
[1mepicsEnvSet("EPICS_BASE","/home/rpi/epics-base")[0m
[1mepicsEnvSet("ENGINEER", "rpi")[0m
[1mepicsEnvSet("IOC", "iocRotaryEncoder")[0m
[1mepicsEnvSet("P", "RE:")[0m
[1mepicsEnvSet("R", "ch0:")[0m
[1mepicsEnvSet("SERIAL_PORT", "/dev/ttyACM0")[0m
[1mepicsEnvSet("SERIAL_BAUD", "115200")[0m
[1mcd "/home/rpi/arduino-apps/ioc_rotary_encoder"[0m
[1mdbLoadDatabase "dbd/RotaryEncoder.dbd"[0m
[1mRotaryEncoder_registerRecordDeviceDriver pdbbase[0m
[1mdbLoadRecords "db/RotaryEncoder.db", "P=RE:,R=ch0:"[0m
[1mcd "/home/rpi/arduino-apps/ioc_rotary_encoder/iocBoot/iocRotaryEncoder"[0m
[1miocInit[0m
############################################################################
## EPICS R7.0.9.1-DEV
## Rev. R7.0.9-191-g2e26ec09a6304c9a58e1
## Rev. Date Git: 2025-09-03 07:36:36 -0700
############################################################################
[1mrotaryStartSerialReader("RE:ch0:", "/dev/ttyACM0", "115200")[0m
[32;1mepics> [0mStarting iocInit
cas WARNING: Configured TCP port was unavailable.
cas WARNING: Using dynamically assigned TCP port 45511,
cas WARNING: but now two or more servers share the same UDP port.
cas WARNING: Depending on your IP kernel this server may not be
cas WARNING: reachable with UDP unicast (a host's IP in EPICS_CA_ADDR_LIST)
iocRun: All initialization complete
rotaryStartSerialReader: started serial reader thread prefix=RE:ch0: port=/dev/ttyACM0 baud=115200
rotarySerial: thread started prefix=RE:ch0: port=/dev/ttyACM0 baud=115200
rotarySerial: serial open/configured (/dev/ttyACM0)
[34;1m#!../../bin/linux-aarch64/RotaryEncoder[0m
[1m< envPaths[0m
[1mepicsEnvSet("IOC","iocRotaryEncoder")[0m
[1mepicsEnvSet("TOP","/home/rpi/arduino-apps/ioc_rotary_encoder")[0m
[1mepicsEnvSet("EPICS_BASE","/home/rpi/epics-base")[0m
[1mepicsEnvSet("ENGINEER", "rpi")[0m
[1mepicsEnvSet("IOC", "iocRotaryEncoder")[0m
[1mepicsEnvSet("P", "RE:")[0m
[1mepicsEnvSet("R", "ch0:")[0m
[1mepicsEnvSet("SERIAL_PORT", "/dev/ttyACM0")[0m
[1mepicsEnvSet("SERIAL_BAUD", "115200")[0m
[1mcd "/home/rpi/arduino-apps/ioc_rotary_encoder"[0m
[1mdbLoadDatabase "dbd/RotaryEncoder.dbd"[0m
[1mRotaryEncoder_registerRecordDeviceDriver pdbbase[0m
[1mdbLoadRecords "db/RotaryEncoder.db", "P=RE:,R=ch0:"[0m
[1mcd "/home/rpi/arduino-apps/ioc_rotary_encoder/iocBoot/iocRotaryEncoder"[0m
[1miocInit[0m
############################################################################
## EPICS R7.0.9.1-DEV
## Rev. R7.0.9-191-g2e26ec09a6304c9a58e1
## Rev. Date Git: 2025-09-03 07:36:36 -0700
############################################################################
[1mrotaryStartSerialReader("RE:ch0:", "/dev/ttyACM0", "115200")[0m
[32;1mepics> [0mStarting iocInit
cas WARNING: Configured TCP port was unavailable.
cas WARNING: Using dynamically assigned TCP port 46283,
cas WARNING: but now two or more servers share the same UDP port.
cas WARNING: Depending on your IP kernel this server may not be
cas WARNING: reachable with UDP unicast (a host's IP in EPICS_CA_ADDR_LIST)
iocRun: All initialization complete
rotaryStartSerialReader: started serial reader thread prefix=RE:ch0: port=/dev/ttyACM0 baud=115200
rotarySerial: thread started prefix=RE:ch0: port=/dev/ttyACM0 baud=115200
rotarySerial: serial open/configured (/dev/ttyACM0)
[34;1m#!../../bin/linux-aarch64/RotaryEncoder[0m
[1m< envPaths[0m
[1mepicsEnvSet("IOC","iocRotaryEncoder")[0m
[1mepicsEnvSet("TOP","/home/rpi/arduino-apps/ioc_rotary_encoder")[0m
[1mepicsEnvSet("EPICS_BASE","/home/rpi/epics-base")[0m
[1mepicsEnvSet("ENGINEER", "rpi")[0m
[1mepicsEnvSet("IOC", "iocRotaryEncoder")[0m
[1mepicsEnvSet("P", "RE:")[0m
[1mepicsEnvSet("R", "ch0:")[0m
[1mepicsEnvSet("SERIAL_PORT", "/dev/ttyACM0")[0m
[1mepicsEnvSet("SERIAL_BAUD", "115200")[0m
[1mcd "/home/rpi/arduino-apps/ioc_rotary_encoder"[0m
[1mdbLoadDatabase "dbd/RotaryEncoder.dbd"[0m
[1mRotaryEncoder_registerRecordDeviceDriver pdbbase[0m
[1mdbLoadRecords "db/RotaryEncoder.db", "P=RE:,R=ch0:"[0m
[1mcd "/home/rpi/arduino-apps/ioc_rotary_encoder/iocBoot/iocRotaryEncoder"[0m
[1miocInit[0m
############################################################################
## EPICS R7.0.9.1-DEV
## Rev. R7.0.9-191-g2e26ec09a6304c9a58e1
## Rev. Date Git: 2025-09-03 07:36:36 -0700
############################################################################
[1mrotaryStartSerialReader("RE:ch0:", "/dev/ttyACM0", "115200")[0m
[32;1mepics> [0mStarting iocInit
cas WARNING: Configured TCP port was unavailable.
cas WARNING: Using dynamically assigned TCP port 41853,
cas WARNING: but now two or more servers share the same UDP port.
cas WARNING: Depending on your IP kernel this server may not be
cas WARNING: reachable with UDP unicast (a host's IP in EPICS_CA_ADDR_LIST)
iocRun: All initialization complete
rotaryStartSerialReader: started serial reader thread prefix=RE:ch0: port=/dev/ttyACM0 baud=115200
rotarySerial: thread started prefix=RE:ch0: port=/dev/ttyACM0 baud=115200
rotarySerial: serial open/configured (/dev/ttyACM0)
[34;1m#!../../bin/linux-aarch64/RotaryEncoder[0m
[1m< envPaths[0m
[1mepicsEnvSet("IOC","iocRotaryEncoder")[0m
[1mepicsEnvSet("TOP","/home/rpi/arduino-apps/ioc_rotary_encoder")[0m
[1mepicsEnvSet("EPICS_BASE","/home/rpi/epics-base")[0m
[1mepicsEnvSet("ENGINEER", "rpi")[0m
[1mepicsEnvSet("IOC", "iocRotaryEncoder")[0m
[1mepicsEnvSet("P", "RE:")[0m
[1mepicsEnvSet("R", "ch0:")[0m
[1mepicsEnvSet("SERIAL_PORT", "/dev/ttyACM0")[0m
[1mepicsEnvSet("SERIAL_BAUD", "115200")[0m
[1mcd "/home/rpi/arduino-apps/ioc_rotary_encoder"[0m
[1mdbLoadDatabase "dbd/RotaryEncoder.dbd"[0m
[1mRotaryEncoder_registerRecordDeviceDriver pdbbase[0m
[1mdbLoadRecords "db/RotaryEncoder.db", "P=RE:,R=ch0:"[0m
[1mcd "/home/rpi/arduino-apps/ioc_rotary_encoder/iocBoot/iocRotaryEncoder"[0m
[1miocInit[0m
############################################################################
## EPICS R7.0.9.1-DEV
## Rev. R7.0.9-191-g2e26ec09a6304c9a58e1
## Rev. Date Git: 2025-09-03 07:36:36 -0700
############################################################################
[1mrotaryStartSerialReader("RE:ch0:", "/dev/ttyACM0", "115200")[0m
[32;1mepics> [0mStarting iocInit
cas WARNING: Configured TCP port was unavailable.
cas WARNING: Using dynamically assigned TCP port 40129,
cas WARNING: but now two or more servers share the same UDP port.
cas WARNING: Depending on your IP kernel this server may not be
cas WARNING: reachable with UDP unicast (a host's IP in EPICS_CA_ADDR_LIST)
iocRun: All initialization complete
rotaryStartSerialReader: started serial reader thread prefix=RE:ch0: port=/dev/ttyACM0 baud=115200
rotarySerial: thread started prefix=RE:ch0: port=/dev/ttyACM0 baud=115200
rotarySerial: serial open/configured (/dev/ttyACM0)
[34;1m#!../../bin/linux-aarch64/RotaryEncoder[0m
[1m< envPaths[0m
[1mepicsEnvSet("IOC","iocRotaryEncoder")[0m
[1mepicsEnvSet("TOP","/home/rpi/arduino-apps/ioc_rotary_encoder")[0m
[1mepicsEnvSet("EPICS_BASE","/home/rpi/epics-base")[0m
[1mepicsEnvSet("ENGINEER", "rpi")[0m
[1mepicsEnvSet("IOC", "iocRotaryEncoder")[0m
[1mepicsEnvSet("P", "RE:")[0m
[1mepicsEnvSet("R", "ch0:")[0m
[1mepicsEnvSet("SERIAL_PORT", "/dev/ttyACM0")[0m
[1mepicsEnvSet("SERIAL_BAUD", "115200")[0m
[1mcd "/home/rpi/arduino-apps/ioc_rotary_encoder"[0m
[1mdbLoadDatabase "dbd/RotaryEncoder.dbd"[0m
[1mRotaryEncoder_registerRecordDeviceDriver pdbbase[0m
[1mdbLoadRecords "db/RotaryEncoder.db", "P=RE:,R=ch0:"[0m
[1mcd "/home/rpi/arduino-apps/ioc_rotary_encoder/iocBoot/iocRotaryEncoder"[0m
[1miocInit[0m
############################################################################
## EPICS R7.0.9.1-DEV
## Rev. R7.0.9-191-g2e26ec09a6304c9a58e1
## Rev. Date Git: 2025-09-03 07:36:36 -0700
############################################################################
[1mrotaryStartSerialReader("RE:ch0:", "/dev/ttyACM0", "115200")[0m
[32;1mepics> [0mStarting iocInit
cas WARNING: Configured TCP port was unavailable.
cas WARNING: Using dynamically assigned TCP port 36487,
cas WARNING: but now two or more servers share the same UDP port.
cas WARNING: Depending on your IP kernel this server may not be
cas WARNING: reachable with UDP unicast (a host's IP in EPICS_CA_ADDR_LIST)
iocRun: All initialization complete
rotaryStartSerialReader: started serial reader thread prefix=RE:ch0: port=/dev/ttyACM0 baud=115200
rotarySerial: thread started prefix=RE:ch0: port=/dev/ttyACM0 baud=115200
rotarySerial: serial open/configured (/dev/ttyACM0)
[34;1m#!../../bin/linux-aarch64/RotaryEncoder[0m
[1m< envPaths[0m
[1mepicsEnvSet("IOC","iocRotaryEncoder")[0m
[1mepicsEnvSet("TOP","/home/rpi/arduino-apps/ioc_rotary_encoder")[0m
[1mepicsEnvSet("EPICS_BASE","/home/rpi/epics-base")[0m
[1mepicsEnvSet("ENGINEER", "rpi")[0m
[1mepicsEnvSet("IOC", "iocRotaryEncoder")[0m
[1mepicsEnvSet("P", "RE:")[0m
[1mepicsEnvSet("R", "ch0:")[0m
[1mepicsEnvSet("SERIAL_PORT", "/dev/ttyACM0")[0m
[1mepicsEnvSet("SERIAL_BAUD", "115200")[0m
[1mcd "/home/rpi/arduino-apps/ioc_rotary_encoder"[0m
[1mdbLoadDatabase "dbd/RotaryEncoder.dbd"[0m
[1mRotaryEncoder_registerRecordDeviceDriver pdbbase[0m
[1mdbLoadRecords "db/RotaryEncoder.db", "P=RE:,R=ch0:"[0m
[1mcd "/home/rpi/arduino-apps/ioc_rotary_encoder/iocBoot/iocRotaryEncoder"[0m
[1miocInit[0m
############################################################################
## EPICS R7.0.9.1-DEV
## Rev. R7.0.9-191-g2e26ec09a6304c9a58e1
## Rev. Date Git: 2025-09-03 07:36:36 -0700
############################################################################
[1mrotaryStartSerialReader("RE:ch0:", "/dev/ttyACM0", "115200")[0m
[32;1mepics> [0mStarting iocInit
cas WARNING: Configured TCP port was unavailable.
cas WARNING: Using dynamically assigned TCP port 46331,
cas WARNING: but now two or more servers share the same UDP port.
cas WARNING: Depending on your IP kernel this server may not be
cas WARNING: reachable with UDP unicast (a host's IP in EPICS_CA_ADDR_LIST)
iocRun: All initialization complete
rotaryStartSerialReader: started serial reader thread prefix=RE:ch0: port=/dev/ttyACM0 baud=115200
rotarySerial: thread started prefix=RE:ch0: port=/dev/ttyACM0 baud=115200
rotarySerial: serial open/configured (/dev/ttyACM0)
[34;1m#!../../bin/linux-aarch64/RotaryEncoder[0m
[1m< envPaths[0m
[1mepicsEnvSet("IOC","iocRotaryEncoder")[0m
[1mepicsEnvSet("TOP","/home/rpi/arduino-apps/ioc_rotary_encoder")[0m
[1mepicsEnvSet("EPICS_BASE","/home/rpi/epics-base")[0m
[1mepicsEnvSet("ENGINEER", "rpi")[0m
[1mepicsEnvSet("IOC", "iocRotaryEncoder")[0m
[1mepicsEnvSet("P", "RE:")[0m
[1mepicsEnvSet("R", "ch0:")[0m
[1mepicsEnvSet("SERIAL_PORT", "/dev/ttyACM0")[0m
[1mepicsEnvSet("SERIAL_BAUD", "115200")[0m
[1mcd "/home/rpi/arduino-apps/ioc_rotary_encoder"[0m
[1mdbLoadDatabase "dbd/RotaryEncoder.dbd"[0m
[1mRotaryEncoder_registerRecordDeviceDriver pdbbase[0m
[1mdbLoadRecords "db/RotaryEncoder.db", "P=RE:,R=ch0:"[0m
[1mcd "/home/rpi/arduino-apps/ioc_rotary_encoder/iocBoot/iocRotaryEncoder"[0m
[1miocInit[0m
############################################################################
## EPICS R7.0.9.1-DEV
## Rev. R7.0.9-191-g2e26ec09a6304c9a58e1
## Rev. Date Git: 2025-09-03 07:36:36 -0700
############################################################################
[1mrotaryStartSerialReader("RE:ch0:", "/dev/ttyACM0", "115200")[0m
[32;1mepics> [0mStarting iocInit
cas WARNING: Configured TCP port was unavailable.
cas WARNING: Using dynamically assigned TCP port 34411,
cas WARNING: but now two or more servers share the same UDP port.
cas WARNING: Depending on your IP kernel this server may not be
cas WARNING: reachable with UDP unicast (a host's IP in EPICS_CA_ADDR_LIST)
iocRun: All initialization complete
rotaryStartSerialReader: started serial reader thread prefix=RE:ch0: port=/dev/ttyACM0 baud=115200
rotarySerial: thread started prefix=RE:ch0: port=/dev/ttyACM0 baud=115200
rotarySerial: serial open/configured (/dev/ttyACM0)
[34;1m#!../../bin/linux-aarch64/RotaryEncoder[0m
[1m< envPaths[0m
[1mepicsEnvSet("IOC","iocRotaryEncoder")[0m
[1mepicsEnvSet("TOP","/home/rpi/arduino-apps/ioc_rotary_encoder")[0m
[1mepicsEnvSet("EPICS_BASE","/home/rpi/epics-base")[0m
[1mepicsEnvSet("ENGINEER", "rpi")[0m
[1mepicsEnvSet("IOC", "iocRotaryEncoder")[0m
[1mepicsEnvSet("P", "RE:")[0m
[1mepicsEnvSet("R", "ch0:")[0m
[1mepicsEnvSet("SERIAL_PORT", "/dev/ttyACM0")[0m
[1mepicsEnvSet("SERIAL_BAUD", "115200")[0m
[1mcd "/home/rpi/arduino-apps/ioc_rotary_encoder"[0m
[1mdbLoadDatabase "dbd/RotaryEncoder.dbd"[0m
[1mRotaryEncoder_registerRecordDeviceDriver pdbbase[0m
[1mdbLoadRecords "db/RotaryEncoder.db", "P=RE:,R=ch0:"[0m
[1mcd "/home/rpi/arduino-apps/ioc_rotary_encoder/iocBoot/iocRotaryEncoder"[0m
[1miocInit[0m
############################################################################
## EPICS R7.0.9.1-DEV
## Rev. R7.0.9-191-g2e26ec09a6304c9a58e1
## Rev. Date Git: 2025-09-03 07:36:36 -0700
############################################################################
[1mrotaryStartSerialReader("RE:ch0:", "/dev/ttyACM0", "115200")[0m
[32;1mepics> [0mStarting iocInit
cas WARNING: Configured TCP port was unavailable.
cas WARNING: Using dynamically assigned TCP port 42387,
cas WARNING: but now two or more servers share the same UDP port.
cas WARNING: Depending on your IP kernel this server may not be
cas WARNING: reachable with UDP unicast (a host's IP in EPICS_CA_ADDR_LIST)
iocRun: All initialization complete
rotaryStartSerialReader: started serial reader thread prefix=RE:ch0: port=/dev/ttyACM0 baud=115200
rotarySerial: thread started prefix=RE:ch0: port=/dev/ttyACM0 baud=115200
rotarySerial: serial open/configured (/dev/ttyACM0)
[34;1m#!../../bin/linux-aarch64/RotaryEncoder[0m
[1m< envPaths[0m
[1mepicsEnvSet("IOC","iocRotaryEncoder")[0m
[1mepicsEnvSet("TOP","/home/rpi/arduino-apps/ioc_rotary_encoder")[0m
[1mepicsEnvSet("EPICS_BASE","/home/rpi/epics-base")[0m
[1mepicsEnvSet("ENGINEER", "rpi")[0m
[1mepicsEnvSet("IOC", "iocRotaryEncoder")[0m
[1mepicsEnvSet("P", "RE:")[0m
[1mepicsEnvSet("R", "ch0:")[0m
[1mepicsEnvSet("SERIAL_PORT", "/dev/ttyACM0")[0m
[1mepicsEnvSet("SERIAL_BAUD", "115200")[0m
[1mcd "/home/rpi/arduino-apps/ioc_rotary_encoder"[0m
[1mdbLoadDatabase "dbd/RotaryEncoder.dbd"[0m
[1mRotaryEncoder_registerRecordDeviceDriver pdbbase[0m
[1mdbLoadRecords "db/RotaryEncoder.db", "P=RE:,R=ch0:"[0m
[1mcd "/home/rpi/arduino-apps/ioc_rotary_encoder/iocBoot/iocRotaryEncoder"[0m
[1miocInit[0m
############################################################################
## EPICS R7.0.9.1-DEV
## Rev. R7.0.9-191-g2e26ec09a6304c9a58e1
## Rev. Date Git: 2025-09-03 07:36:36 -0700
############################################################################
[1mrotaryStartSerialReader("RE:ch0:", "/dev/ttyACM0", "115200")[0m
[32;1mepics> [0m